09:38:37 **** Build of configuration Debug for project TestMem ****
make -j8 all 
arm-none-eabi-gcc "../Drivers/STM32L4xx_HAL_Driver/Src/stm32l4xx_hal.c" -mcpu=cortex-m4 -std=gnu11 -g3 -DUSE_HAL_DRIVER -DSTM32L452xx -DDEBUG -c -I../Core/Inc -I../Drivers/STM32L4xx_HAL_Driver/Inc -I../Drivers/STM32L4xx_HAL_Driver/Inc/Legacy -I../Drivers/CMSIS/Device/ST/STM32L4xx/Include -I../Drivers/CMSIS/Include -O0 -ffunction-sections -fdata-sections -Wall -fstack-usage -MMD -MP -MF"Drivers/STM32L4xx_HAL_Driver/Src/stm32l4xx_hal.d" -MT"Drivers/STM32L4xx_HAL_Driver/Src/stm32l4xx_hal.o" --specs=nano.specs -mfpu=fpv4-sp-d16 -mfloat-abi=hard -mthumb -o "Drivers/STM32L4xx_HAL_Driver/Src/stm32l4xx_hal.o"
arm-none-eabi-gcc "../Drivers/STM32L4xx_HAL_Driver/Src/stm32l4xx_hal_cortex.c" -mcpu=cortex-m4 -std=gnu11 -g3 -DUSE_HAL_DRIVER -DSTM32L452xx -DDEBUG -c -I../Core/Inc -I../Drivers/STM32L4xx_HAL_Driver/Inc -I../Drivers/STM32L4xx_HAL_Driver/Inc/Legacy -I../Drivers/CMSIS/Device/ST/STM32L4xx/Include -I../Drivers/CMSIS/Include -O0 -ffunction-sections -fdata-sections -Wall -fstack-usage -MMD -MP -MF"Drivers/STM32L4xx_HAL_Driver/Src/stm32l4xx_hal_cortex.d" -MT"Drivers/STM32L4xx_HAL_Driver/Src/stm32l4xx_hal_cortex.o" --specs=nano.specs -mfpu=fpv4-sp-d16 -mfloat-abi=hard -mthumb -o "Drivers/STM32L4xx_HAL_Driver/Src/stm32l4xx_hal_cortex.o"
arm-none-eabi-gcc "../Drivers/STM32L4xx_HAL_Driver/Src/stm32l4xx_hal_dma.c" -mcpu=cortex-m4 -std=gnu11 -g3 -DUSE_HAL_DRIVER -DSTM32L452xx -DDEBUG -c -I../Core/Inc -I../Drivers/STM32L4xx_HAL_Driver/Inc -I../Drivers/STM32L4xx_HAL_Driver/Inc/Legacy -I../Drivers/CMSIS/Device/ST/STM32L4xx/Include -I../Drivers/CMSIS/Include -O0 -ffunction-sections -fdata-sections -Wall -fstack-usage -MMD -MP -MF"Drivers/STM32L4xx_HAL_Driver/Src/stm32l4xx_hal_dma.d" -MT"Drivers/STM32L4xx_HAL_Driver/Src/stm32l4xx_hal_dma.o" --specs=nano.specs -mfpu=fpv4-sp-d16 -mfloat-abi=hard -mthumb -o "Drivers/STM32L4xx_HAL_Driver/Src/stm32l4xx_hal_dma.o"
arm-none-eabi-gcc "../Drivers/STM32L4xx_HAL_Driver/Src/stm32l4xx_hal_dma_ex.c" -mcpu=cortex-m4 -std=gnu11 -g3 -DUSE_HAL_DRIVER -DSTM32L452xx -DDEBUG -c -I../Core/Inc -I../Drivers/STM32L4xx_HAL_Driver/Inc -I../Drivers/STM32L4xx_HAL_Driver/Inc/Legacy -I../Drivers/CMSIS/Device/ST/STM32L4xx/Include -I../Drivers/CMSIS/Include -O0 -ffunction-sections -fdata-sections -Wall -fstack-usage -MMD -MP -MF"Drivers/STM32L4xx_HAL_Driver/Src/stm32l4xx_hal_dma_ex.d" -MT"Drivers/STM32L4xx_HAL_Driver/Src/stm32l4xx_hal_dma_ex.o" --specs=nano.specs -mfpu=fpv4-sp-d16 -mfloat-abi=hard -mthumb -o "Drivers/STM32L4xx_HAL_Driver/Src/stm32l4xx_hal_dma_ex.o"
arm-none-eabi-gcc "../Drivers/STM32L4xx_HAL_Driver/Src/stm32l4xx_hal_exti.c" -mcpu=cortex-m4 -std=gnu11 -g3 -DUSE_HAL_DRIVER -DSTM32L452xx -DDEBUG -c -I../Core/Inc -I../Drivers/STM32L4xx_HAL_Driver/Inc -I../Drivers/STM32L4xx_HAL_Driver/Inc/Legacy -I../Drivers/CMSIS/Device/ST/STM32L4xx/Include -I../Drivers/CMSIS/Include -O0 -ffunction-sections -fdata-sections -Wall -fstack-usage -MMD -MP -MF"Drivers/STM32L4xx_HAL_Driver/Src/stm32l4xx_hal_exti.d" -MT"Drivers/STM32L4xx_HAL_Driver/Src/stm32l4xx_hal_exti.o" --specs=nano.specs -mfpu=fpv4-sp-d16 -mfloat-abi=hard -mthumb -o "Drivers/STM32L4xx_HAL_Driver/Src/stm32l4xx_hal_exti.o"
arm-none-eabi-gcc "../Drivers/STM32L4xx_HAL_Driver/Src/stm32l4xx_hal_flash.c" -mcpu=cortex-m4 -std=gnu11 -g3 -DUSE_HAL_DRIVER -DSTM32L452xx -DDEBUG -c -I../Core/Inc -I../Drivers/STM32L4xx_HAL_Driver/Inc -I../Drivers/STM32L4xx_HAL_Driver/Inc/Legacy -I../Drivers/CMSIS/Device/ST/STM32L4xx/Include -I../Drivers/CMSIS/Include -O0 -ffunction-sections -fdata-sections -Wall -fstack-usage -MMD -MP -MF"Drivers/STM32L4xx_HAL_Driver/Src/stm32l4xx_hal_flash.d" -MT"Drivers/STM32L4xx_HAL_Driver/Src/stm32l4xx_hal_flash.o" --specs=nano.specs -mfpu=fpv4-sp-d16 -mfloat-abi=hard -mthumb -o "Drivers/STM32L4xx_HAL_Driver/Src/stm32l4xx_hal_flash.o"
arm-none-eabi-gcc "../Drivers/STM32L4xx_HAL_Driver/Src/stm32l4xx_hal_flash_ex.c" -mcpu=cortex-m4 -std=gnu11 -g3 -DUSE_HAL_DRIVER -DSTM32L452xx -DDEBUG -c -I../Core/Inc -I../Drivers/STM32L4xx_HAL_Driver/Inc -I../Drivers/STM32L4xx_HAL_Driver/Inc/Legacy -I../Drivers/CMSIS/Device/ST/STM32L4xx/Include -I../Drivers/CMSIS/Include -O0 -ffunction-sections -fdata-sections -Wall -fstack-usage -MMD -MP -MF"Drivers/STM32L4xx_HAL_Driver/Src/stm32l4xx_hal_flash_ex.d" -MT"Drivers/STM32L4xx_HAL_Driver/Src/stm32l4xx_hal_flash_ex.o" --specs=nano.specs -mfpu=fpv4-sp-d16 -mfloat-abi=hard -mthumb -o "Drivers/STM32L4xx_HAL_Driver/Src/stm32l4xx_hal_flash_ex.o"
arm-none-eabi-gcc "../Drivers/STM32L4xx_HAL_Driver/Src/stm32l4xx_hal_flash_ramfunc.c" -mcpu=cortex-m4 -std=gnu11 -g3 -DUSE_HAL_DRIVER -DSTM32L452xx -DDEBUG -c -I../Core/Inc -I../Drivers/STM32L4xx_HAL_Driver/Inc -I../Drivers/STM32L4xx_HAL_Driver/Inc/Legacy -I../Drivers/CMSIS/Device/ST/STM32L4xx/Include -I../Drivers/CMSIS/Include -O0 -ffunction-sections -fdata-sections -Wall -fstack-usage -MMD -MP -MF"Drivers/STM32L4xx_HAL_Driver/Src/stm32l4xx_hal_flash_ramfunc.d" -MT"Drivers/STM32L4xx_HAL_Driver/Src/stm32l4xx_hal_flash_ramfunc.o" --specs=nano.specs -mfpu=fpv4-sp-d16 -mfloat-abi=hard -mthumb -o "Drivers/STM32L4xx_HAL_Driver/Src/stm32l4xx_hal_flash_ramfunc.o"
arm-none-eabi-gcc "../Drivers/STM32L4xx_HAL_Driver/Src/stm32l4xx_hal_gpio.c" -mcpu=cortex-m4 -std=gnu11 -g3 -DUSE_HAL_DRIVER -DSTM32L452xx -DDEBUG -c -I../Core/Inc -I../Drivers/STM32L4xx_HAL_Driver/Inc -I../Drivers/STM32L4xx_HAL_Driver/Inc/Legacy -I../Drivers/CMSIS/Device/ST/STM32L4xx/Include -I../Drivers/CMSIS/Include -O0 -ffunction-sections -fdata-sections -Wall -fstack-usage -MMD -MP -MF"Drivers/STM32L4xx_HAL_Driver/Src/stm32l4xx_hal_gpio.d" -MT"Drivers/STM32L4xx_HAL_Driver/Src/stm32l4xx_hal_gpio.o" --specs=nano.specs -mfpu=fpv4-sp-d16 -mfloat-abi=hard -mthumb -o "Drivers/STM32L4xx_HAL_Driver/Src/stm32l4xx_hal_gpio.o"
arm-none-eabi-gcc "../Drivers/STM32L4xx_HAL_Driver/Src/stm32l4xx_hal_i2c.c" -mcpu=cortex-m4 -std=gnu11 -g3 -DUSE_HAL_DRIVER -DSTM32L452xx -DDEBUG -c -I../Core/Inc -I../Drivers/STM32L4xx_HAL_Driver/Inc -I../Drivers/STM32L4xx_HAL_Driver/Inc/Legacy -I../Drivers/CMSIS/Device/ST/STM32L4xx/Include -I../Drivers/CMSIS/Include -O0 -ffunction-sections -fdata-sections -Wall -fstack-usage -MMD -MP -MF"Drivers/STM32L4xx_HAL_Driver/Src/stm32l4xx_hal_i2c.d" -MT"Drivers/STM32L4xx_HAL_Driver/Src/stm32l4xx_hal_i2c.o" --specs=nano.specs -mfpu=fpv4-sp-d16 -mfloat-abi=hard -mthumb -o "Drivers/STM32L4xx_HAL_Driver/Src/stm32l4xx_hal_i2c.o"
arm-none-eabi-gcc "../Drivers/STM32L4xx_HAL_Driver/Src/stm32l4xx_hal_i2c_ex.c" -mcpu=cortex-m4 -std=gnu11 -g3 -DUSE_HAL_DRIVER -DSTM32L452xx -DDEBUG -c -I../Core/Inc -I../Drivers/STM32L4xx_HAL_Driver/Inc -I../Drivers/STM32L4xx_HAL_Driver/Inc/Legacy -I../Drivers/CMSIS/Device/ST/STM32L4xx/Include -I../Drivers/CMSIS/Include -O0 -ffunction-sections -fdata-sections -Wall -fstack-usage -MMD -MP -MF"Drivers/STM32L4xx_HAL_Driver/Src/stm32l4xx_hal_i2c_ex.d" -MT"Drivers/STM32L4xx_HAL_Driver/Src/stm32l4xx_hal_i2c_ex.o" --specs=nano.specs -mfpu=fpv4-sp-d16 -mfloat-abi=hard -mthumb -o "Drivers/STM32L4xx_HAL_Driver/Src/stm32l4xx_hal_i2c_ex.o"
arm-none-eabi-gcc "../Drivers/STM32L4xx_HAL_Driver/Src/stm32l4xx_hal_pwr.c" -mcpu=cortex-m4 -std=gnu11 -g3 -DUSE_HAL_DRIVER -DSTM32L452xx -DDEBUG -c -I../Core/Inc -I../Drivers/STM32L4xx_HAL_Driver/Inc -I../Drivers/STM32L4xx_HAL_Driver/Inc/Legacy -I../Drivers/CMSIS/Device/ST/STM32L4xx/Include -I../Drivers/CMSIS/Include -O0 -ffunction-sections -fdata-sections -Wall -fstack-usage -MMD -MP -MF"Drivers/STM32L4xx_HAL_Driver/Src/stm32l4xx_hal_pwr.d" -MT"Drivers/STM32L4xx_HAL_Driver/Src/stm32l4xx_hal_pwr.o" --specs=nano.specs -mfpu=fpv4-sp-d16 -mfloat-abi=hard -mthumb -o "Drivers/STM32L4xx_HAL_Driver/Src/stm32l4xx_hal_pwr.o"
arm-none-eabi-gcc "../Drivers/STM32L4xx_HAL_Driver/Src/stm32l4xx_hal_pwr_ex.c" -mcpu=cortex-m4 -std=gnu11 -g3 -DUSE_HAL_DRIVER -DSTM32L452xx -DDEBUG -c -I../Core/Inc -I../Drivers/STM32L4xx_HAL_Driver/Inc -I../Drivers/STM32L4xx_HAL_Driver/Inc/Legacy -I../Drivers/CMSIS/Device/ST/STM32L4xx/Include -I../Drivers/CMSIS/Include -O0 -ffunction-sections -fdata-sections -Wall -fstack-usage -MMD -MP -MF"Drivers/STM32L4xx_HAL_Driver/Src/stm32l4xx_hal_pwr_ex.d" -MT"Drivers/STM32L4xx_HAL_Driver/Src/stm32l4xx_hal_pwr_ex.o" --specs=nano.specs -mfpu=fpv4-sp-d16 -mfloat-abi=hard -mthumb -o "Drivers/STM32L4xx_HAL_Driver/Src/stm32l4xx_hal_pwr_ex.o"
arm-none-eabi-gcc "../Drivers/STM32L4xx_HAL_Driver/Src/stm32l4xx_hal_rcc.c" -mcpu=cortex-m4 -std=gnu11 -g3 -DUSE_HAL_DRIVER -DSTM32L452xx -DDEBUG -c -I../Core/Inc -I../Drivers/STM32L4xx_HAL_Driver/Inc -I../Drivers/STM32L4xx_HAL_Driver/Inc/Legacy -I../Drivers/CMSIS/Device/ST/STM32L4xx/Include -I../Drivers/CMSIS/Include -O0 -ffunction-sections -fdata-sections -Wall -fstack-usage -MMD -MP -MF"Drivers/STM32L4xx_HAL_Driver/Src/stm32l4xx_hal_rcc.d" -MT"Drivers/STM32L4xx_HAL_Driver/Src/stm32l4xx_hal_rcc.o" --specs=nano.specs -mfpu=fpv4-sp-d16 -mfloat-abi=hard -mthumb -o "Drivers/STM32L4xx_HAL_Driver/Src/stm32l4xx_hal_rcc.o"
arm-none-eabi-gcc "../Drivers/STM32L4xx_HAL_Driver/Src/stm32l4xx_hal_rcc_ex.c" -mcpu=cortex-m4 -std=gnu11 -g3 -DUSE_HAL_DRIVER -DSTM32L452xx -DDEBUG -c -I../Core/Inc -I../Drivers/STM32L4xx_HAL_Driver/Inc -I../Drivers/STM32L4xx_HAL_Driver/Inc/Legacy -I../Drivers/CMSIS/Device/ST/STM32L4xx/Include -I../Drivers/CMSIS/Include -O0 -ffunction-sections -fdata-sections -Wall -fstack-usage -MMD -MP -MF"Drivers/STM32L4xx_HAL_Driver/Src/stm32l4xx_hal_rcc_ex.d" -MT"Drivers/STM32L4xx_HAL_Driver/Src/stm32l4xx_hal_rcc_ex.o" --specs=nano.specs -mfpu=fpv4-sp-d16 -mfloat-abi=hard -mthumb -o "Drivers/STM32L4xx_HAL_Driver/Src/stm32l4xx_hal_rcc_ex.o"
arm-none-eabi-gcc "../Drivers/STM32L4xx_HAL_Driver/Src/stm32l4xx_hal_tim.c" -mcpu=cortex-m4 -std=gnu11 -g3 -DUSE_HAL_DRIVER -DSTM32L452xx -DDEBUG -c -I../Core/Inc -I../Drivers/STM32L4xx_HAL_Driver/Inc -I../Drivers/STM32L4xx_HAL_Driver/Inc/Legacy -I../Drivers/CMSIS/Device/ST/STM32L4xx/Include -I../Drivers/CMSIS/Include -O0 -ffunction-sections -fdata-sections -Wall -fstack-usage -MMD -MP -MF"Drivers/STM32L4xx_HAL_Driver/Src/stm32l4xx_hal_tim.d" -MT"Drivers/STM32L4xx_HAL_Driver/Src/stm32l4xx_hal_tim.o" --specs=nano.specs -mfpu=fpv4-sp-d16 -mfloat-abi=hard -mthumb -o "Drivers/STM32L4xx_HAL_Driver/Src/stm32l4xx_hal_tim.o"
arm-none-eabi-gcc "../Drivers/STM32L4xx_HAL_Driver/Src/stm32l4xx_hal_tim_ex.c" -mcpu=cortex-m4 -std=gnu11 -g3 -DUSE_HAL_DRIVER -DSTM32L452xx -DDEBUG -c -I../Core/Inc -I../Drivers/STM32L4xx_HAL_Driver/Inc -I../Drivers/STM32L4xx_HAL_Driver/Inc/Legacy -I../Drivers/CMSIS/Device/ST/STM32L4xx/Include -I../Drivers/CMSIS/Include -O0 -ffunction-sections -fdata-sections -Wall -fstack-usage -MMD -MP -MF"Drivers/STM32L4xx_HAL_Driver/Src/stm32l4xx_hal_tim_ex.d" -MT"Drivers/STM32L4xx_HAL_Driver/Src/stm32l4xx_hal_tim_ex.o" --specs=nano.specs -mfpu=fpv4-sp-d16 -mfloat-abi=hard -mthumb -o "Drivers/STM32L4xx_HAL_Driver/Src/stm32l4xx_hal_tim_ex.o"
arm-none-eabi-gcc "../Core/flash/flash.c" -mcpu=cortex-m4 -std=gnu11 -g3 -DUSE_HAL_DRIVER -DSTM32L452xx -DDEBUG -c -I../Core/Inc -I../Drivers/STM32L4xx_HAL_Driver/Inc -I../Drivers/STM32L4xx_HAL_Driver/Inc/Legacy -I../Drivers/CMSIS/Device/ST/STM32L4xx/Include -I../Drivers/CMSIS/Include -O0 -ffunction-sections -fdata-sections -Wall -fstack-usage -MMD -MP -MF"Core/flash/flash.d" -MT"Core/flash/flash.o" --specs=nano.specs -mfpu=fpv4-sp-d16 -mfloat-abi=hard -mthumb -o "Core/flash/flash.o"
arm-none-eabi-gcc -mcpu=cortex-m4 -g3 -c -x assembler-with-cpp -MMD -MP -MF"Core/Startup/startup_stm32l452rctx.d" -MT"Core/Startup/startup_stm32l452rctx.o" --specs=nano.specs -mfpu=fpv4-sp-d16 -mfloat-abi=hard -mthumb -o "Core/Startup/startup_stm32l452rctx.o" "../Core/Startup/startup_stm32l452rctx.s"
arm-none-eabi-gcc "../Core/Src/main.c" -mcpu=cortex-m4 -std=gnu11 -g3 -DUSE_HAL_DRIVER -DSTM32L452xx -DDEBUG -c -I../Core/Inc -I../Drivers/STM32L4xx_HAL_Driver/Inc -I../Drivers/STM32L4xx_HAL_Driver/Inc/Legacy -I../Drivers/CMSIS/Device/ST/STM32L4xx/Include -I../Drivers/CMSIS/Include -O0 -ffunction-sections -fdata-sections -Wall -fstack-usage -MMD -MP -MF"Core/Src/main.d" -MT"Core/Src/main.o" --specs=nano.specs -mfpu=fpv4-sp-d16 -mfloat-abi=hard -mthumb -o "Core/Src/main.o"
arm-none-eabi-gcc "../Core/Src/stm32l4xx_hal_msp.c" -mcpu=cortex-m4 -std=gnu11 -g3 -DUSE_HAL_DRIVER -DSTM32L452xx -DDEBUG -c -I../Core/Inc -I../Drivers/STM32L4xx_HAL_Driver/Inc -I../Drivers/STM32L4xx_HAL_Driver/Inc/Legacy -I../Drivers/CMSIS/Device/ST/STM32L4xx/Include -I../Drivers/CMSIS/Include -O0 -ffunction-sections -fdata-sections -Wall -fstack-usage -MMD -MP -MF"Core/Src/stm32l4xx_hal_msp.d" -MT"Core/Src/stm32l4xx_hal_msp.o" --specs=nano.specs -mfpu=fpv4-sp-d16 -mfloat-abi=hard -mthumb -o "Core/Src/stm32l4xx_hal_msp.o"
arm-none-eabi-gcc "../Core/Src/stm32l4xx_it.c" -mcpu=cortex-m4 -std=gnu11 -g3 -DUSE_HAL_DRIVER -DSTM32L452xx -DDEBUG -c -I../Core/Inc -I../Drivers/STM32L4xx_HAL_Driver/Inc -I../Drivers/STM32L4xx_HAL_Driver/Inc/Legacy -I../Drivers/CMSIS/Device/ST/STM32L4xx/Include -I../Drivers/CMSIS/Include -O0 -ffunction-sections -fdata-sections -Wall -fstack-usage -MMD -MP -MF"Core/Src/stm32l4xx_it.d" -MT"Core/Src/stm32l4xx_it.o" --specs=nano.specs -mfpu=fpv4-sp-d16 -mfloat-abi=hard -mthumb -o "Core/Src/stm32l4xx_it.o"
arm-none-eabi-gcc "../Core/Src/syscalls.c" -mcpu=cortex-m4 -std=gnu11 -g3 -DUSE_HAL_DRIVER -DSTM32L452xx -DDEBUG -c -I../Core/Inc -I../Drivers/STM32L4xx_HAL_Driver/Inc -I../Drivers/STM32L4xx_HAL_Driver/Inc/Legacy -I../Drivers/CMSIS/Device/ST/STM32L4xx/Include -I../Drivers/CMSIS/Include -O0 -ffunction-sections -fdata-sections -Wall -fstack-usage -MMD -MP -MF"Core/Src/syscalls.d" -MT"Core/Src/syscalls.o" --specs=nano.specs -mfpu=fpv4-sp-d16 -mfloat-abi=hard -mthumb -o "Core/Src/syscalls.o"
arm-none-eabi-gcc "../Core/Src/sysmem.c" -mcpu=cortex-m4 -std=gnu11 -g3 -DUSE_HAL_DRIVER -DSTM32L452xx -DDEBUG -c -I../Core/Inc -I../Drivers/STM32L4xx_HAL_Driver/Inc -I../Drivers/STM32L4xx_HAL_Driver/Inc/Legacy -I../Drivers/CMSIS/Device/ST/STM32L4xx/Include -I../Drivers/CMSIS/Include -O0 -ffunction-sections -fdata-sections -Wall -fstack-usage -MMD -MP -MF"Core/Src/sysmem.d" -MT"Core/Src/sysmem.o" --specs=nano.specs -mfpu=fpv4-sp-d16 -mfloat-abi=hard -mthumb -o "Core/Src/sysmem.o"
arm-none-eabi-gcc "../Core/Src/system_stm32l4xx.c" -mcpu=cortex-m4 -std=gnu11 -g3 -DUSE_HAL_DRIVER -DSTM32L452xx -DDEBUG -c -I../Core/Inc -I../Drivers/STM32L4xx_HAL_Driver/Inc -I../Drivers/STM32L4xx_HAL_Driver/Inc/Legacy -I../Drivers/CMSIS/Device/ST/STM32L4xx/Include -I../Drivers/CMSIS/Include -O0 -ffunction-sections -fdata-sections -Wall -fstack-usage -MMD -MP -MF"Core/Src/system_stm32l4xx.d" -MT"Core/Src/system_stm32l4xx.o" --specs=nano.specs -mfpu=fpv4-sp-d16 -mfloat-abi=hard -mthumb -o "Core/Src/system_stm32l4xx.o"
arm-none-eabi-gcc -o "TestMem.elf" @"objects.list"   -mcpu=cortex-m4 -T"D:\SaoViet\project_1\flash\TestMem\STM32L452RCTX_FLASH.ld" --specs=nosys.specs -Wl,-Map="TestMem.map" -Wl,--gc-sections -static --specs=nano.specs -mfpu=fpv4-sp-d16 -mfloat-abi=hard -mthumb -Wl,--start-group -lc -lm -Wl,--end-group
Finished building target: TestMem.elf
 
arm-none-eabi-size   TestMem.elf 
arm-none-eabi-objdump -h -S  TestMem.elf  > "TestMem.list"
arm-none-eabi-objcopy  -O binary  TestMem.elf  "TestMem.bin"
   text	   data	    bss	    dec	    hex	filename
   5172	     20	   1572	   6764	   1a6c	TestMem.elf
Finished building: default.size.stdout
 
Finished building: TestMem.bin
 
Finished building: TestMem.list
 
09:38:56 **** Incremental Build of configuration Debug for project TestMem ****
make -j8 all 
arm-none-eabi-gcc "../Core/Src/main.c" -mcpu=cortex-m4 -std=gnu11 -g3 -DUSE_HAL_DRIVER -DSTM32L452xx -DDEBUG -c -I../Core/Inc -I../Drivers/STM32L4xx_HAL_Driver/Inc -I../Drivers/STM32L4xx_HAL_Driver/Inc/Legacy -I../Drivers/CMSIS/Device/ST/STM32L4xx/Include -I../Drivers/CMSIS/Include -O0 -ffunction-sections -fdata-sections -Wall -fstack-usage -MMD -MP -MF"Core/Src/main.d" -MT"Core/Src/main.o" --specs=nano.specs -mfpu=fpv4-sp-d16 -mfloat-abi=hard -mthumb -o "Core/Src/main.o"
../Core/Src/main.c:22:10: fatal error: flash.h: No such file or directory
 #include "flash.h"
          ^~~~~~~~~
compilation terminated.
make: *** [Core/Src/subdir.mk:33: Core/Src/main.o] Error 1
"make -j8 all" terminated with exit code 2. Build might be incomplete.
09:39:20 **** Incremental Build of configuration Debug for project TestMem ****
make -j8 all 
arm-none-eabi-gcc "../Drivers/STM32L4xx_HAL_Driver/Src/stm32l4xx_hal.c" -mcpu=cortex-m4 -std=gnu11 -g3 -DUSE_HAL_DRIVER -DSTM32L452xx -DDEBUG -c -I../Core/Inc -I../Drivers/STM32L4xx_HAL_Driver/Inc -I../Drivers/STM32L4xx_HAL_Driver/Inc/Legacy -I../Drivers/CMSIS/Device/ST/STM32L4xx/Include -I../Drivers/CMSIS/Include -I"D:/SaoViet/project_1/flash/TestMem/Core/flash" -O0 -ffunction-sections -fdata-sections -Wall -fstack-usage -MMD -MP -MF"Drivers/STM32L4xx_HAL_Driver/Src/stm32l4xx_hal.d" -MT"Drivers/STM32L4xx_HAL_Driver/Src/stm32l4xx_hal.o" --specs=nano.specs -mfpu=fpv4-sp-d16 -mfloat-abi=hard -mthumb -o "Drivers/STM32L4xx_HAL_Driver/Src/stm32l4xx_hal.o"
arm-none-eabi-gcc "../Drivers/STM32L4xx_HAL_Driver/Src/stm32l4xx_hal_cortex.c" -mcpu=cortex-m4 -std=gnu11 -g3 -DUSE_HAL_DRIVER -DSTM32L452xx -DDEBUG -c -I../Core/Inc -I../Drivers/STM32L4xx_HAL_Driver/Inc -I../Drivers/STM32L4xx_HAL_Driver/Inc/Legacy -I../Drivers/CMSIS/Device/ST/STM32L4xx/Include -I../Drivers/CMSIS/Include -I"D:/SaoViet/project_1/flash/TestMem/Core/flash" -O0 -ffunction-sections -fdata-sections -Wall -fstack-usage -MMD -MP -MF"Drivers/STM32L4xx_HAL_Driver/Src/stm32l4xx_hal_cortex.d" -MT"Drivers/STM32L4xx_HAL_Driver/Src/stm32l4xx_hal_cortex.o" --specs=nano.specs -mfpu=fpv4-sp-d16 -mfloat-abi=hard -mthumb -o "Drivers/STM32L4xx_HAL_Driver/Src/stm32l4xx_hal_cortex.o"
arm-none-eabi-gcc "../Drivers/STM32L4xx_HAL_Driver/Src/stm32l4xx_hal_dma.c" -mcpu=cortex-m4 -std=gnu11 -g3 -DUSE_HAL_DRIVER -DSTM32L452xx -DDEBUG -c -I../Core/Inc -I../Drivers/STM32L4xx_HAL_Driver/Inc -I../Drivers/STM32L4xx_HAL_Driver/Inc/Legacy -I../Drivers/CMSIS/Device/ST/STM32L4xx/Include -I../Drivers/CMSIS/Include -I"D:/SaoViet/project_1/flash/TestMem/Core/flash" -O0 -ffunction-sections -fdata-sections -Wall -fstack-usage -MMD -MP -MF"Drivers/STM32L4xx_HAL_Driver/Src/stm32l4xx_hal_dma.d" -MT"Drivers/STM32L4xx_HAL_Driver/Src/stm32l4xx_hal_dma.o" --specs=nano.specs -mfpu=fpv4-sp-d16 -mfloat-abi=hard -mthumb -o "Drivers/STM32L4xx_HAL_Driver/Src/stm32l4xx_hal_dma.o"
arm-none-eabi-gcc "../Drivers/STM32L4xx_HAL_Driver/Src/stm32l4xx_hal_dma_ex.c" -mcpu=cortex-m4 -std=gnu11 -g3 -DUSE_HAL_DRIVER -DSTM32L452xx -DDEBUG -c -I../Core/Inc -I../Drivers/STM32L4xx_HAL_Driver/Inc -I../Drivers/STM32L4xx_HAL_Driver/Inc/Legacy -I../Drivers/CMSIS/Device/ST/STM32L4xx/Include -I../Drivers/CMSIS/Include -I"D:/SaoViet/project_1/flash/TestMem/Core/flash" -O0 -ffunction-sections -fdata-sections -Wall -fstack-usage -MMD -MP -MF"Drivers/STM32L4xx_HAL_Driver/Src/stm32l4xx_hal_dma_ex.d" -MT"Drivers/STM32L4xx_HAL_Driver/Src/stm32l4xx_hal_dma_ex.o" --specs=nano.specs -mfpu=fpv4-sp-d16 -mfloat-abi=hard -mthumb -o "Drivers/STM32L4xx_HAL_Driver/Src/stm32l4xx_hal_dma_ex.o"
arm-none-eabi-gcc "../Drivers/STM32L4xx_HAL_Driver/Src/stm32l4xx_hal_exti.c" -mcpu=cortex-m4 -std=gnu11 -g3 -DUSE_HAL_DRIVER -DSTM32L452xx -DDEBUG -c -I../Core/Inc -I../Drivers/STM32L4xx_HAL_Driver/Inc -I../Drivers/STM32L4xx_HAL_Driver/Inc/Legacy -I../Drivers/CMSIS/Device/ST/STM32L4xx/Include -I../Drivers/CMSIS/Include -I"D:/SaoViet/project_1/flash/TestMem/Core/flash" -O0 -ffunction-sections -fdata-sections -Wall -fstack-usage -MMD -MP -MF"Drivers/STM32L4xx_HAL_Driver/Src/stm32l4xx_hal_exti.d" -MT"Drivers/STM32L4xx_HAL_Driver/Src/stm32l4xx_hal_exti.o" --specs=nano.specs -mfpu=fpv4-sp-d16 -mfloat-abi=hard -mthumb -o "Drivers/STM32L4xx_HAL_Driver/Src/stm32l4xx_hal_exti.o"
arm-none-eabi-gcc "../Drivers/STM32L4xx_HAL_Driver/Src/stm32l4xx_hal_flash.c" -mcpu=cortex-m4 -std=gnu11 -g3 -DUSE_HAL_DRIVER -DSTM32L452xx -DDEBUG -c -I../Core/Inc -I../Drivers/STM32L4xx_HAL_Driver/Inc -I../Drivers/STM32L4xx_HAL_Driver/Inc/Legacy -I../Drivers/CMSIS/Device/ST/STM32L4xx/Include -I../Drivers/CMSIS/Include -I"D:/SaoViet/project_1/flash/TestMem/Core/flash" -O0 -ffunction-sections -fdata-sections -Wall -fstack-usage -MMD -MP -MF"Drivers/STM32L4xx_HAL_Driver/Src/stm32l4xx_hal_flash.d" -MT"Drivers/STM32L4xx_HAL_Driver/Src/stm32l4xx_hal_flash.o" --specs=nano.specs -mfpu=fpv4-sp-d16 -mfloat-abi=hard -mthumb -o "Drivers/STM32L4xx_HAL_Driver/Src/stm32l4xx_hal_flash.o"
arm-none-eabi-gcc "../Drivers/STM32L4xx_HAL_Driver/Src/stm32l4xx_hal_flash_ex.c" -mcpu=cortex-m4 -std=gnu11 -g3 -DUSE_HAL_DRIVER -DSTM32L452xx -DDEBUG -c -I../Core/Inc -I../Drivers/STM32L4xx_HAL_Driver/Inc -I../Drivers/STM32L4xx_HAL_Driver/Inc/Legacy -I../Drivers/CMSIS/Device/ST/STM32L4xx/Include -I../Drivers/CMSIS/Include -I"D:/SaoViet/project_1/flash/TestMem/Core/flash" -O0 -ffunction-sections -fdata-sections -Wall -fstack-usage -MMD -MP -MF"Drivers/STM32L4xx_HAL_Driver/Src/stm32l4xx_hal_flash_ex.d" -MT"Drivers/STM32L4xx_HAL_Driver/Src/stm32l4xx_hal_flash_ex.o" --specs=nano.specs -mfpu=fpv4-sp-d16 -mfloat-abi=hard -mthumb -o "Drivers/STM32L4xx_HAL_Driver/Src/stm32l4xx_hal_flash_ex.o"
arm-none-eabi-gcc "../Drivers/STM32L4xx_HAL_Driver/Src/stm32l4xx_hal_flash_ramfunc.c" -mcpu=cortex-m4 -std=gnu11 -g3 -DUSE_HAL_DRIVER -DSTM32L452xx -DDEBUG -c -I../Core/Inc -I../Drivers/STM32L4xx_HAL_Driver/Inc -I../Drivers/STM32L4xx_HAL_Driver/Inc/Legacy -I../Drivers/CMSIS/Device/ST/STM32L4xx/Include -I../Drivers/CMSIS/Include -I"D:/SaoViet/project_1/flash/TestMem/Core/flash" -O0 -ffunction-sections -fdata-sections -Wall -fstack-usage -MMD -MP -MF"Drivers/STM32L4xx_HAL_Driver/Src/stm32l4xx_hal_flash_ramfunc.d" -MT"Drivers/STM32L4xx_HAL_Driver/Src/stm32l4xx_hal_flash_ramfunc.o" --specs=nano.specs -mfpu=fpv4-sp-d16 -mfloat-abi=hard -mthumb -o "Drivers/STM32L4xx_HAL_Driver/Src/stm32l4xx_hal_flash_ramfunc.o"
arm-none-eabi-gcc "../Drivers/STM32L4xx_HAL_Driver/Src/stm32l4xx_hal_gpio.c" -mcpu=cortex-m4 -std=gnu11 -g3 -DUSE_HAL_DRIVER -DSTM32L452xx -DDEBUG -c -I../Core/Inc -I../Drivers/STM32L4xx_HAL_Driver/Inc -I../Drivers/STM32L4xx_HAL_Driver/Inc/Legacy -I../Drivers/CMSIS/Device/ST/STM32L4xx/Include -I../Drivers/CMSIS/Include -I"D:/SaoViet/project_1/flash/TestMem/Core/flash" -O0 -ffunction-sections -fdata-sections -Wall -fstack-usage -MMD -MP -MF"Drivers/STM32L4xx_HAL_Driver/Src/stm32l4xx_hal_gpio.d" -MT"Drivers/STM32L4xx_HAL_Driver/Src/stm32l4xx_hal_gpio.o" --specs=nano.specs -mfpu=fpv4-sp-d16 -mfloat-abi=hard -mthumb -o "Drivers/STM32L4xx_HAL_Driver/Src/stm32l4xx_hal_gpio.o"
arm-none-eabi-gcc "../Drivers/STM32L4xx_HAL_Driver/Src/stm32l4xx_hal_i2c.c" -mcpu=cortex-m4 -std=gnu11 -g3 -DUSE_HAL_DRIVER -DSTM32L452xx -DDEBUG -c -I../Core/Inc -I../Drivers/STM32L4xx_HAL_Driver/Inc -I../Drivers/STM32L4xx_HAL_Driver/Inc/Legacy -I../Drivers/CMSIS/Device/ST/STM32L4xx/Include -I../Drivers/CMSIS/Include -I"D:/SaoViet/project_1/flash/TestMem/Core/flash" -O0 -ffunction-sections -fdata-sections -Wall -fstack-usage -MMD -MP -MF"Drivers/STM32L4xx_HAL_Driver/Src/stm32l4xx_hal_i2c.d" -MT"Drivers/STM32L4xx_HAL_Driver/Src/stm32l4xx_hal_i2c.o" --specs=nano.specs -mfpu=fpv4-sp-d16 -mfloat-abi=hard -mthumb -o "Drivers/STM32L4xx_HAL_Driver/Src/stm32l4xx_hal_i2c.o"
arm-none-eabi-gcc "../Drivers/STM32L4xx_HAL_Driver/Src/stm32l4xx_hal_i2c_ex.c" -mcpu=cortex-m4 -std=gnu11 -g3 -DUSE_HAL_DRIVER -DSTM32L452xx -DDEBUG -c -I../Core/Inc -I../Drivers/STM32L4xx_HAL_Driver/Inc -I../Drivers/STM32L4xx_HAL_Driver/Inc/Legacy -I../Drivers/CMSIS/Device/ST/STM32L4xx/Include -I../Drivers/CMSIS/Include -I"D:/SaoViet/project_1/flash/TestMem/Core/flash" -O0 -ffunction-sections -fdata-sections -Wall -fstack-usage -MMD -MP -MF"Drivers/STM32L4xx_HAL_Driver/Src/stm32l4xx_hal_i2c_ex.d" -MT"Drivers/STM32L4xx_HAL_Driver/Src/stm32l4xx_hal_i2c_ex.o" --specs=nano.specs -mfpu=fpv4-sp-d16 -mfloat-abi=hard -mthumb -o "Drivers/STM32L4xx_HAL_Driver/Src/stm32l4xx_hal_i2c_ex.o"
arm-none-eabi-gcc "../Drivers/STM32L4xx_HAL_Driver/Src/stm32l4xx_hal_pwr.c" -mcpu=cortex-m4 -std=gnu11 -g3 -DUSE_HAL_DRIVER -DSTM32L452xx -DDEBUG -c -I../Core/Inc -I../Drivers/STM32L4xx_HAL_Driver/Inc -I../Drivers/STM32L4xx_HAL_Driver/Inc/Legacy -I../Drivers/CMSIS/Device/ST/STM32L4xx/Include -I../Drivers/CMSIS/Include -I"D:/SaoViet/project_1/flash/TestMem/Core/flash" -O0 -ffunction-sections -fdata-sections -Wall -fstack-usage -MMD -MP -MF"Drivers/STM32L4xx_HAL_Driver/Src/stm32l4xx_hal_pwr.d" -MT"Drivers/STM32L4xx_HAL_Driver/Src/stm32l4xx_hal_pwr.o" --specs=nano.specs -mfpu=fpv4-sp-d16 -mfloat-abi=hard -mthumb -o "Drivers/STM32L4xx_HAL_Driver/Src/stm32l4xx_hal_pwr.o"
arm-none-eabi-gcc "../Drivers/STM32L4xx_HAL_Driver/Src/stm32l4xx_hal_pwr_ex.c" -mcpu=cortex-m4 -std=gnu11 -g3 -DUSE_HAL_DRIVER -DSTM32L452xx -DDEBUG -c -I../Core/Inc -I../Drivers/STM32L4xx_HAL_Driver/Inc -I../Drivers/STM32L4xx_HAL_Driver/Inc/Legacy -I../Drivers/CMSIS/Device/ST/STM32L4xx/Include -I../Drivers/CMSIS/Include -I"D:/SaoViet/project_1/flash/TestMem/Core/flash" -O0 -ffunction-sections -fdata-sections -Wall -fstack-usage -MMD -MP -MF"Drivers/STM32L4xx_HAL_Driver/Src/stm32l4xx_hal_pwr_ex.d" -MT"Drivers/STM32L4xx_HAL_Driver/Src/stm32l4xx_hal_pwr_ex.o" --specs=nano.specs -mfpu=fpv4-sp-d16 -mfloat-abi=hard -mthumb -o "Drivers/STM32L4xx_HAL_Driver/Src/stm32l4xx_hal_pwr_ex.o"
arm-none-eabi-gcc "../Drivers/STM32L4xx_HAL_Driver/Src/stm32l4xx_hal_rcc.c" -mcpu=cortex-m4 -std=gnu11 -g3 -DUSE_HAL_DRIVER -DSTM32L452xx -DDEBUG -c -I../Core/Inc -I../Drivers/STM32L4xx_HAL_Driver/Inc -I../Drivers/STM32L4xx_HAL_Driver/Inc/Legacy -I../Drivers/CMSIS/Device/ST/STM32L4xx/Include -I../Drivers/CMSIS/Include -I"D:/SaoViet/project_1/flash/TestMem/Core/flash" -O0 -ffunction-sections -fdata-sections -Wall -fstack-usage -MMD -MP -MF"Drivers/STM32L4xx_HAL_Driver/Src/stm32l4xx_hal_rcc.d" -MT"Drivers/STM32L4xx_HAL_Driver/Src/stm32l4xx_hal_rcc.o" --specs=nano.specs -mfpu=fpv4-sp-d16 -mfloat-abi=hard -mthumb -o "Drivers/STM32L4xx_HAL_Driver/Src/stm32l4xx_hal_rcc.o"
arm-none-eabi-gcc "../Drivers/STM32L4xx_HAL_Driver/Src/stm32l4xx_hal_rcc_ex.c" -mcpu=cortex-m4 -std=gnu11 -g3 -DUSE_HAL_DRIVER -DSTM32L452xx -DDEBUG -c -I../Core/Inc -I../Drivers/STM32L4xx_HAL_Driver/Inc -I../Drivers/STM32L4xx_HAL_Driver/Inc/Legacy -I../Drivers/CMSIS/Device/ST/STM32L4xx/Include -I../Drivers/CMSIS/Include -I"D:/SaoViet/project_1/flash/TestMem/Core/flash" -O0 -ffunction-sections -fdata-sections -Wall -fstack-usage -MMD -MP -MF"Drivers/STM32L4xx_HAL_Driver/Src/stm32l4xx_hal_rcc_ex.d" -MT"Drivers/STM32L4xx_HAL_Driver/Src/stm32l4xx_hal_rcc_ex.o" --specs=nano.specs -mfpu=fpv4-sp-d16 -mfloat-abi=hard -mthumb -o "Drivers/STM32L4xx_HAL_Driver/Src/stm32l4xx_hal_rcc_ex.o"
arm-none-eabi-gcc "../Drivers/STM32L4xx_HAL_Driver/Src/stm32l4xx_hal_tim.c" -mcpu=cortex-m4 -std=gnu11 -g3 -DUSE_HAL_DRIVER -DSTM32L452xx -DDEBUG -c -I../Core/Inc -I../Drivers/STM32L4xx_HAL_Driver/Inc -I../Drivers/STM32L4xx_HAL_Driver/Inc/Legacy -I../Drivers/CMSIS/Device/ST/STM32L4xx/Include -I../Drivers/CMSIS/Include -I"D:/SaoViet/project_1/flash/TestMem/Core/flash" -O0 -ffunction-sections -fdata-sections -Wall -fstack-usage -MMD -MP -MF"Drivers/STM32L4xx_HAL_Driver/Src/stm32l4xx_hal_tim.d" -MT"Drivers/STM32L4xx_HAL_Driver/Src/stm32l4xx_hal_tim.o" --specs=nano.specs -mfpu=fpv4-sp-d16 -mfloat-abi=hard -mthumb -o "Drivers/STM32L4xx_HAL_Driver/Src/stm32l4xx_hal_tim.o"
arm-none-eabi-gcc "../Drivers/STM32L4xx_HAL_Driver/Src/stm32l4xx_hal_tim_ex.c" -mcpu=cortex-m4 -std=gnu11 -g3 -DUSE_HAL_DRIVER -DSTM32L452xx -DDEBUG -c -I../Core/Inc -I../Drivers/STM32L4xx_HAL_Driver/Inc -I../Drivers/STM32L4xx_HAL_Driver/Inc/Legacy -I../Drivers/CMSIS/Device/ST/STM32L4xx/Include -I../Drivers/CMSIS/Include -I"D:/SaoViet/project_1/flash/TestMem/Core/flash" -O0 -ffunction-sections -fdata-sections -Wall -fstack-usage -MMD -MP -MF"Drivers/STM32L4xx_HAL_Driver/Src/stm32l4xx_hal_tim_ex.d" -MT"Drivers/STM32L4xx_HAL_Driver/Src/stm32l4xx_hal_tim_ex.o" --specs=nano.specs -mfpu=fpv4-sp-d16 -mfloat-abi=hard -mthumb -o "Drivers/STM32L4xx_HAL_Driver/Src/stm32l4xx_hal_tim_ex.o"
arm-none-eabi-gcc "../Core/flash/flash.c" -mcpu=cortex-m4 -std=gnu11 -g3 -DUSE_HAL_DRIVER -DSTM32L452xx -DDEBUG -c -I../Core/Inc -I../Drivers/STM32L4xx_HAL_Driver/Inc -I../Drivers/STM32L4xx_HAL_Driver/Inc/Legacy -I../Drivers/CMSIS/Device/ST/STM32L4xx/Include -I../Drivers/CMSIS/Include -I"D:/SaoViet/project_1/flash/TestMem/Core/flash" -O0 -ffunction-sections -fdata-sections -Wall -fstack-usage -MMD -MP -MF"Core/flash/flash.d" -MT"Core/flash/flash.o" --specs=nano.specs -mfpu=fpv4-sp-d16 -mfloat-abi=hard -mthumb -o "Core/flash/flash.o"
arm-none-eabi-gcc "../Core/Src/main.c" -mcpu=cortex-m4 -std=gnu11 -g3 -DUSE_HAL_DRIVER -DSTM32L452xx -DDEBUG -c -I../Core/Inc -I../Drivers/STM32L4xx_HAL_Driver/Inc -I../Drivers/STM32L4xx_HAL_Driver/Inc/Legacy -I../Drivers/CMSIS/Device/ST/STM32L4xx/Include -I../Drivers/CMSIS/Include -I"D:/SaoViet/project_1/flash/TestMem/Core/flash" -O0 -ffunction-sections -fdata-sections -Wall -fstack-usage -MMD -MP -MF"Core/Src/main.d" -MT"Core/Src/main.o" --specs=nano.specs -mfpu=fpv4-sp-d16 -mfloat-abi=hard -mthumb -o "Core/Src/main.o"
arm-none-eabi-gcc "../Core/Src/stm32l4xx_hal_msp.c" -mcpu=cortex-m4 -std=gnu11 -g3 -DUSE_HAL_DRIVER -DSTM32L452xx -DDEBUG -c -I../Core/Inc -I../Drivers/STM32L4xx_HAL_Driver/Inc -I../Drivers/STM32L4xx_HAL_Driver/Inc/Legacy -I../Drivers/CMSIS/Device/ST/STM32L4xx/Include -I../Drivers/CMSIS/Include -I"D:/SaoViet/project_1/flash/TestMem/Core/flash" -O0 -ffunction-sections -fdata-sections -Wall -fstack-usage -MMD -MP -MF"Core/Src/stm32l4xx_hal_msp.d" -MT"Core/Src/stm32l4xx_hal_msp.o" --specs=nano.specs -mfpu=fpv4-sp-d16 -mfloat-abi=hard -mthumb -o "Core/Src/stm32l4xx_hal_msp.o"
arm-none-eabi-gcc "../Core/Src/stm32l4xx_it.c" -mcpu=cortex-m4 -std=gnu11 -g3 -DUSE_HAL_DRIVER -DSTM32L452xx -DDEBUG -c -I../Core/Inc -I../Drivers/STM32L4xx_HAL_Driver/Inc -I../Drivers/STM32L4xx_HAL_Driver/Inc/Legacy -I../Drivers/CMSIS/Device/ST/STM32L4xx/Include -I../Drivers/CMSIS/Include -I"D:/SaoViet/project_1/flash/TestMem/Core/flash" -O0 -ffunction-sections -fdata-sections -Wall -fstack-usage -MMD -MP -MF"Core/Src/stm32l4xx_it.d" -MT"Core/Src/stm32l4xx_it.o" --specs=nano.specs -mfpu=fpv4-sp-d16 -mfloat-abi=hard -mthumb -o "Core/Src/stm32l4xx_it.o"
arm-none-eabi-gcc "../Core/Src/syscalls.c" -mcpu=cortex-m4 -std=gnu11 -g3 -DUSE_HAL_DRIVER -DSTM32L452xx -DDEBUG -c -I../Core/Inc -I../Drivers/STM32L4xx_HAL_Driver/Inc -I../Drivers/STM32L4xx_HAL_Driver/Inc/Legacy -I../Drivers/CMSIS/Device/ST/STM32L4xx/Include -I../Drivers/CMSIS/Include -I"D:/SaoViet/project_1/flash/TestMem/Core/flash" -O0 -ffunction-sections -fdata-sections -Wall -fstack-usage -MMD -MP -MF"Core/Src/syscalls.d" -MT"Core/Src/syscalls.o" --specs=nano.specs -mfpu=fpv4-sp-d16 -mfloat-abi=hard -mthumb -o "Core/Src/syscalls.o"
arm-none-eabi-gcc "../Core/Src/sysmem.c" -mcpu=cortex-m4 -std=gnu11 -g3 -DUSE_HAL_DRIVER -DSTM32L452xx -DDEBUG -c -I../Core/Inc -I../Drivers/STM32L4xx_HAL_Driver/Inc -I../Drivers/STM32L4xx_HAL_Driver/Inc/Legacy -I../Drivers/CMSIS/Device/ST/STM32L4xx/Include -I../Drivers/CMSIS/Include -I"D:/SaoViet/project_1/flash/TestMem/Core/flash" -O0 -ffunction-sections -fdata-sections -Wall -fstack-usage -MMD -MP -MF"Core/Src/sysmem.d" -MT"Core/Src/sysmem.o" --specs=nano.specs -mfpu=fpv4-sp-d16 -mfloat-abi=hard -mthumb -o "Core/Src/sysmem.o"
arm-none-eabi-gcc "../Core/Src/system_stm32l4xx.c" -mcpu=cortex-m4 -std=gnu11 -g3 -DUSE_HAL_DRIVER -DSTM32L452xx -DDEBUG -c -I../Core/Inc -I../Drivers/STM32L4xx_HAL_Driver/Inc -I../Drivers/STM32L4xx_HAL_Driver/Inc/Legacy -I../Drivers/CMSIS/Device/ST/STM32L4xx/Include -I../Drivers/CMSIS/Include -I"D:/SaoViet/project_1/flash/TestMem/Core/flash" -O0 -ffunction-sections -fdata-sections -Wall -fstack-usage -MMD -MP -MF"Core/Src/system_stm32l4xx.d" -MT"Core/Src/system_stm32l4xx.o" --specs=nano.specs -mfpu=fpv4-sp-d16 -mfloat-abi=hard -mthumb -o "Core/Src/system_stm32l4xx.o"
arm-none-eabi-gcc -o "TestMem.elf" @"objects.list"   -mcpu=cortex-m4 -T"D:\SaoViet\project_1\flash\TestMem\STM32L452RCTX_FLASH.ld" --specs=nosys.specs -Wl,-Map="TestMem.map" -Wl,--gc-sections -static --specs=nano.specs -mfpu=fpv4-sp-d16 -mfloat-abi=hard -mthumb -Wl,--start-group -lc -lm -Wl,--end-group
Finished building target: TestMem.elf
 
arm-none-eabi-objdump -h -S  TestMem.elf  > "TestMem.list"
arm-none-eabi-objcopy  -O binary  TestMem.elf  "TestMem.bin"
arm-none-eabi-size   TestMem.elf 
   text	   data	    bss	    dec	    hex	filename
   5172	     20	   1572	   6764	   1a6c	TestMem.elf
Finished building: default.size.stdout
 
Finished building: TestMem.bin
 
Finished building: TestMem.list
 
10:21:34 **** Incremental Build of configuration Debug for project TestMem ****
make -j8 all 
arm-none-eabi-gcc "../Core/flash/flash.c" -mcpu=cortex-m4 -std=gnu11 -g3 -DUSE_HAL_DRIVER -DSTM32L452xx -DDEBUG -c -I../Core/Inc -I../Drivers/STM32L4xx_HAL_Driver/Inc -I../Drivers/STM32L4xx_HAL_Driver/Inc/Legacy -I../Drivers/CMSIS/Device/ST/STM32L4xx/Include -I../Drivers/CMSIS/Include -I"D:/SaoViet/project_1/flash/TestMem/Core/flash" -O0 -ffunction-sections -fdata-sections -Wall -fstack-usage -MMD -MP -MF"Core/flash/flash.d" -MT"Core/flash/flash.o" --specs=nano.specs -mfpu=fpv4-sp-d16 -mfloat-abi=hard -mthumb -o "Core/flash/flash.o"
arm-none-eabi-gcc "../Core/Src/main.c" -mcpu=cortex-m4 -std=gnu11 -g3 -DUSE_HAL_DRIVER -DSTM32L452xx -DDEBUG -c -I../Core/Inc -I../Drivers/STM32L4xx_HAL_Driver/Inc -I../Drivers/STM32L4xx_HAL_Driver/Inc/Legacy -I../Drivers/CMSIS/Device/ST/STM32L4xx/Include -I../Drivers/CMSIS/Include -I"D:/SaoViet/project_1/flash/TestMem/Core/flash" -O0 -ffunction-sections -fdata-sections -Wall -fstack-usage -MMD -MP -MF"Core/Src/main.d" -MT"Core/Src/main.o" --specs=nano.specs -mfpu=fpv4-sp-d16 -mfloat-abi=hard -mthumb -o "Core/Src/main.o"
../Core/flash/flash.c:8:18: error: unknown type name 'uint32_t'
 void Flash_Erase(uint32_t address){
                  ^~~~~~~~
../Core/flash/flash.c:20:24: error: unknown type name 'uint8_t'
 void Flash_Write_Array(uint8_t *arr, uint16_t len){
                        ^~~~~~~
../Core/flash/flash.c:20:38: error: unknown type name 'uint16_t'
 void Flash_Write_Array(uint8_t *arr, uint16_t len){
                                      ^~~~~~~~
../Core/flash/flash.c:24:20: error: unknown type name 'uint32_t'
 int Flash_Read_Int(uint32_t address){
                    ^~~~~~~~
../Core/flash/flash.c:28:24: error: unknown type name 'uint32_t'
 float Flash_Read_Float(uint32_t address){
                        ^~~~~~~~
../Core/flash/flash.c:32:23: error: unknown type name 'uint32_t'
 void Flash_Read_Array(uint32_t address, uint8_t *arr, uint16_t len){
                       ^~~~~~~~
../Core/flash/flash.c:32:41: error: unknown type name 'uint8_t'
 void Flash_Read_Array(uint32_t address, uint8_t *arr, uint16_t len){
                                         ^~~~~~~
../Core/flash/flash.c:32:55: error: unknown type name 'uint16_t'
 void Flash_Read_Array(uint32_t address, uint8_t *arr, uint16_t len){
                                                       ^~~~~~~~
make: *** [Core/flash/subdir.mk:18: Core/flash/flash.o] Error 1
make: *** Waiting for unfinished jobs....
"make -j8 all" terminated with exit code 2. Build might be incomplete.
10:21:52 **** Incremental Build of configuration Debug for project TestMem ****
make -j8 all 
arm-none-eabi-gcc "../Core/flash/flash.c" -mcpu=cortex-m4 -std=gnu11 -g3 -DUSE_HAL_DRIVER -DSTM32L452xx -DDEBUG -c -I../Core/Inc -I../Drivers/STM32L4xx_HAL_Driver/Inc -I../Drivers/STM32L4xx_HAL_Driver/Inc/Legacy -I../Drivers/CMSIS/Device/ST/STM32L4xx/Include -I../Drivers/CMSIS/Include -I"D:/SaoViet/project_1/flash/TestMem/Core/flash" -O0 -ffunction-sections -fdata-sections -Wall -fstack-usage -MMD -MP -MF"Core/flash/flash.d" -MT"Core/flash/flash.o" --specs=nano.specs -mfpu=fpv4-sp-d16 -mfloat-abi=hard -mthumb -o "Core/flash/flash.o"
arm-none-eabi-gcc "../Core/Src/main.c" -mcpu=cortex-m4 -std=gnu11 -g3 -DUSE_HAL_DRIVER -DSTM32L452xx -DDEBUG -c -I../Core/Inc -I../Drivers/STM32L4xx_HAL_Driver/Inc -I../Drivers/STM32L4xx_HAL_Driver/Inc/Legacy -I../Drivers/CMSIS/Device/ST/STM32L4xx/Include -I../Drivers/CMSIS/Include -I"D:/SaoViet/project_1/flash/TestMem/Core/flash" -O0 -ffunction-sections -fdata-sections -Wall -fstack-usage -MMD -MP -MF"Core/Src/main.d" -MT"Core/Src/main.o" --specs=nano.specs -mfpu=fpv4-sp-d16 -mfloat-abi=hard -mthumb -o "Core/Src/main.o"
../Core/flash/flash.c:8:18: error: unknown type name 'uint32_t'
 void Flash_Erase(uint32_t address){
                  ^~~~~~~~
../Core/flash/flash.c:20:24: error: unknown type name 'uint8_t'
 void Flash_Write_Array(uint8_t *arr, uint16_t len){
                        ^~~~~~~
../Core/flash/flash.c:20:38: error: unknown type name 'uint16_t'
 void Flash_Write_Array(uint8_t *arr, uint16_t len){
                                      ^~~~~~~~
../Core/flash/flash.c:24:20: error: unknown type name 'uint32_t'
 int Flash_Read_Int(uint32_t address){
                    ^~~~~~~~
../Core/flash/flash.c:28:24: error: unknown type name 'uint32_t'
 float Flash_Read_Float(uint32_t address){
                        ^~~~~~~~
../Core/flash/flash.c:32:23: error: unknown type name 'uint32_t'
 void Flash_Read_Array(uint32_t address, uint8_t *arr, uint16_t len){
                       ^~~~~~~~
../Core/flash/flash.c:32:41: error: unknown type name 'uint8_t'
 void Flash_Read_Array(uint32_t address, uint8_t *arr, uint16_t len){
                                         ^~~~~~~
../Core/flash/flash.c:32:55: error: unknown type name 'uint16_t'
 void Flash_Read_Array(uint32_t address, uint8_t *arr, uint16_t len){
                                                       ^~~~~~~~
make: *** [Core/flash/subdir.mk:18: Core/flash/flash.o] Error 1
make: *** Waiting for unfinished jobs....
"make -j8 all" terminated with exit code 2. Build might be incomplete.
10:21:57 **** Incremental Build of configuration Debug for project TestMem ****
make -j8 all 
arm-none-eabi-gcc "../Core/flash/flash.c" -mcpu=cortex-m4 -std=gnu11 -g3 -DUSE_HAL_DRIVER -DSTM32L452xx -DDEBUG -c -I../Core/Inc -I../Drivers/STM32L4xx_HAL_Driver/Inc -I../Drivers/STM32L4xx_HAL_Driver/Inc/Legacy -I../Drivers/CMSIS/Device/ST/STM32L4xx/Include -I../Drivers/CMSIS/Include -I"D:/SaoViet/project_1/flash/TestMem/Core/flash" -O0 -ffunction-sections -fdata-sections -Wall -fstack-usage -MMD -MP -MF"Core/flash/flash.d" -MT"Core/flash/flash.o" --specs=nano.specs -mfpu=fpv4-sp-d16 -mfloat-abi=hard -mthumb -o "Core/flash/flash.o"
arm-none-eabi-gcc "../Core/Src/main.c" -mcpu=cortex-m4 -std=gnu11 -g3 -DUSE_HAL_DRIVER -DSTM32L452xx -DDEBUG -c -I../Core/Inc -I../Drivers/STM32L4xx_HAL_Driver/Inc -I../Drivers/STM32L4xx_HAL_Driver/Inc/Legacy -I../Drivers/CMSIS/Device/ST/STM32L4xx/Include -I../Drivers/CMSIS/Include -I"D:/SaoViet/project_1/flash/TestMem/Core/flash" -O0 -ffunction-sections -fdata-sections -Wall -fstack-usage -MMD -MP -MF"Core/Src/main.d" -MT"Core/Src/main.o" --specs=nano.specs -mfpu=fpv4-sp-d16 -mfloat-abi=hard -mthumb -o "Core/Src/main.o"
../Core/flash/flash.c:8:18: error: unknown type name 'uint32_t'
 void Flash_Erase(uint32_t address){
                  ^~~~~~~~
../Core/flash/flash.c:20:24: error: unknown type name 'uint8_t'
 void Flash_Write_Array(uint8_t *arr, uint16_t len){
                        ^~~~~~~
../Core/flash/flash.c:20:38: error: unknown type name 'uint16_t'
 void Flash_Write_Array(uint8_t *arr, uint16_t len){
                                      ^~~~~~~~
../Core/flash/flash.c:24:20: error: unknown type name 'uint32_t'
 int Flash_Read_Int(uint32_t address){
                    ^~~~~~~~
../Core/flash/flash.c:28:24: error: unknown type name 'uint32_t'
 float Flash_Read_Float(uint32_t address){
                        ^~~~~~~~
../Core/flash/flash.c:32:23: error: unknown type name 'uint32_t'
 void Flash_Read_Array(uint32_t address, uint8_t *arr, uint16_t len){
                       ^~~~~~~~
../Core/flash/flash.c:32:41: error: unknown type name 'uint8_t'
 void Flash_Read_Array(uint32_t address, uint8_t *arr, uint16_t len){
                                         ^~~~~~~
../Core/flash/flash.c:32:55: error: unknown type name 'uint16_t'
 void Flash_Read_Array(uint32_t address, uint8_t *arr, uint16_t len){
                                                       ^~~~~~~~
make: *** [Core/flash/subdir.mk:18: Core/flash/flash.o] Error 1
make: *** Waiting for unfinished jobs....
"make -j8 all" terminated with exit code 2. Build might be incomplete.
10:22:11 **** Incremental Build of configuration Debug for project TestMem ****
make -j8 all 
arm-none-eabi-gcc "../Core/flash/flash.c" -mcpu=cortex-m4 -std=gnu11 -g3 -DUSE_HAL_DRIVER -DSTM32L452xx -DDEBUG -c -I../Core/Inc -I../Drivers/STM32L4xx_HAL_Driver/Inc -I../Drivers/STM32L4xx_HAL_Driver/Inc/Legacy -I../Drivers/CMSIS/Device/ST/STM32L4xx/Include -I../Drivers/CMSIS/Include -I"D:/SaoViet/project_1/flash/TestMem/Core/flash" -O0 -ffunction-sections -fdata-sections -Wall -fstack-usage -MMD -MP -MF"Core/flash/flash.d" -MT"Core/flash/flash.o" --specs=nano.specs -mfpu=fpv4-sp-d16 -mfloat-abi=hard -mthumb -o "Core/flash/flash.o"
arm-none-eabi-gcc "../Core/Src/main.c" -mcpu=cortex-m4 -std=gnu11 -g3 -DUSE_HAL_DRIVER -DSTM32L452xx -DDEBUG -c -I../Core/Inc -I../Drivers/STM32L4xx_HAL_Driver/Inc -I../Drivers/STM32L4xx_HAL_Driver/Inc/Legacy -I../Drivers/CMSIS/Device/ST/STM32L4xx/Include -I../Drivers/CMSIS/Include -I"D:/SaoViet/project_1/flash/TestMem/Core/flash" -O0 -ffunction-sections -fdata-sections -Wall -fstack-usage -MMD -MP -MF"Core/Src/main.d" -MT"Core/Src/main.o" --specs=nano.specs -mfpu=fpv4-sp-d16 -mfloat-abi=hard -mthumb -o "Core/Src/main.o"
../Core/flash/flash.c:8:18: error: unknown type name 'uint32_t'
 void Flash_Erase(uint32_t address){
                  ^~~~~~~~
../Core/flash/flash.c:20:24: error: unknown type name 'uint8_t'
 void Flash_Write_Array(uint8_t *arr, uint16_t len){
                        ^~~~~~~
../Core/flash/flash.c:20:38: error: unknown type name 'uint16_t'
 void Flash_Write_Array(uint8_t *arr, uint16_t len){
                                      ^~~~~~~~
../Core/flash/flash.c:24:20: error: unknown type name 'uint32_t'
 int Flash_Read_Int(uint32_t address){
                    ^~~~~~~~
../Core/flash/flash.c:28:24: error: unknown type name 'uint32_t'
 float Flash_Read_Float(uint32_t address){
                        ^~~~~~~~
../Core/flash/flash.c:32:23: error: unknown type name 'uint32_t'
 void Flash_Read_Array(uint32_t address, uint8_t *arr, uint16_t len){
                       ^~~~~~~~
../Core/flash/flash.c:32:41: error: unknown type name 'uint8_t'
 void Flash_Read_Array(uint32_t address, uint8_t *arr, uint16_t len){
                                         ^~~~~~~
../Core/flash/flash.c:32:55: error: unknown type name 'uint16_t'
 void Flash_Read_Array(uint32_t address, uint8_t *arr, uint16_t len){
                                                       ^~~~~~~~
make: *** [Core/flash/subdir.mk:18: Core/flash/flash.o] Error 1
make: *** Waiting for unfinished jobs....
"make -j8 all" terminated with exit code 2. Build might be incomplete.
10:22:27 **** Incremental Build of configuration Debug for project TestMem ****
make -j8 all 
arm-none-eabi-gcc "../Core/flash/flash.c" -mcpu=cortex-m4 -std=gnu11 -g3 -DUSE_HAL_DRIVER -DSTM32L452xx -DDEBUG -c -I../Core/Inc -I../Drivers/STM32L4xx_HAL_Driver/Inc -I../Drivers/STM32L4xx_HAL_Driver/Inc/Legacy -I../Drivers/CMSIS/Device/ST/STM32L4xx/Include -I../Drivers/CMSIS/Include -I"D:/SaoViet/project_1/flash/TestMem/Core/flash" -O0 -ffunction-sections -fdata-sections -Wall -fstack-usage -MMD -MP -MF"Core/flash/flash.d" -MT"Core/flash/flash.o" --specs=nano.specs -mfpu=fpv4-sp-d16 -mfloat-abi=hard -mthumb -o "Core/flash/flash.o"
arm-none-eabi-gcc "../Core/Src/main.c" -mcpu=cortex-m4 -std=gnu11 -g3 -DUSE_HAL_DRIVER -DSTM32L452xx -DDEBUG -c -I../Core/Inc -I../Drivers/STM32L4xx_HAL_Driver/Inc -I../Drivers/STM32L4xx_HAL_Driver/Inc/Legacy -I../Drivers/CMSIS/Device/ST/STM32L4xx/Include -I../Drivers/CMSIS/Include -I"D:/SaoViet/project_1/flash/TestMem/Core/flash" -O0 -ffunction-sections -fdata-sections -Wall -fstack-usage -MMD -MP -MF"Core/Src/main.d" -MT"Core/Src/main.o" --specs=nano.specs -mfpu=fpv4-sp-d16 -mfloat-abi=hard -mthumb -o "Core/Src/main.o"
../Core/flash/flash.c: In function 'Flash_Read_Int':
../Core/flash/flash.c:26:1: warning: control reaches end of non-void function [-Wreturn-type]
 }
 ^
../Core/flash/flash.c: In function 'Flash_Read_Float':
../Core/flash/flash.c:30:1: warning: control reaches end of non-void function [-Wreturn-type]
 }
 ^
arm-none-eabi-gcc -o "TestMem.elf" @"objects.list"   -mcpu=cortex-m4 -T"D:\SaoViet\project_1\flash\TestMem\STM32L452RCTX_FLASH.ld" --specs=nosys.specs -Wl,-Map="TestMem.map" -Wl,--gc-sections -static --specs=nano.specs -mfpu=fpv4-sp-d16 -mfloat-abi=hard -mthumb -Wl,--start-group -lc -lm -Wl,--end-group
Finished building target: TestMem.elf
 
arm-none-eabi-objdump -h -S  TestMem.elf  > "TestMem.list"
arm-none-eabi-objcopy  -O binary  TestMem.elf  "TestMem.bin"
arm-none-eabi-size   TestMem.elf 
   text	   data	    bss	    dec	    hex	filename
   5172	     20	   1572	   6764	   1a6c	TestMem.elf
Finished building: default.size.stdout
 
Finished building: TestMem.bin
 
Finished building: TestMem.list
 
10:35:09 **** Incremental Build of configuration Debug for project TestMem ****
make -j8 all 
arm-none-eabi-gcc "../Core/flash/flash.c" -mcpu=cortex-m4 -std=gnu11 -g3 -DUSE_HAL_DRIVER -DSTM32L452xx -DDEBUG -c -I../Core/Inc -I../Drivers/STM32L4xx_HAL_Driver/Inc -I../Drivers/STM32L4xx_HAL_Driver/Inc/Legacy -I../Drivers/CMSIS/Device/ST/STM32L4xx/Include -I../Drivers/CMSIS/Include -I"D:/SaoViet/project_1/flash/TestMem/Core/flash" -O0 -ffunction-sections -fdata-sections -Wall -fstack-usage -MMD -MP -MF"Core/flash/flash.d" -MT"Core/flash/flash.o" --specs=nano.specs -mfpu=fpv4-sp-d16 -mfloat-abi=hard -mthumb -o "Core/flash/flash.o"
../Core/flash/flash.c: In function 'Flash_Erase':
../Core/flash/flash.c:10:2: warning: implicit declaration of function 'HAL_FLASH_Unlock' [-Wimplicit-function-declaration]
  HAL_FLASH_Unlock();
  ^~~~~~~~~~~~~~~~
../Core/flash/flash.c: In function 'Flash_Read_Int':
../Core/flash/flash.c:28:1: warning: control reaches end of non-void function [-Wreturn-type]
 }
 ^
../Core/flash/flash.c: In function 'Flash_Read_Float':
../Core/flash/flash.c:32:1: warning: control reaches end of non-void function [-Wreturn-type]
 }
 ^
arm-none-eabi-gcc -o "TestMem.elf" @"objects.list"   -mcpu=cortex-m4 -T"D:\SaoViet\project_1\flash\TestMem\STM32L452RCTX_FLASH.ld" --specs=nosys.specs -Wl,-Map="TestMem.map" -Wl,--gc-sections -static --specs=nano.specs -mfpu=fpv4-sp-d16 -mfloat-abi=hard -mthumb -Wl,--start-group -lc -lm -Wl,--end-group
Finished building target: TestMem.elf
 
arm-none-eabi-objdump -h -S  TestMem.elf  > "TestMem.list"
arm-none-eabi-objcopy  -O binary  TestMem.elf  "TestMem.bin"
arm-none-eabi-size   TestMem.elf 
   text	   data	    bss	    dec	    hex	filename
   5172	     20	   1572	   6764	   1a6c	TestMem.elf
Finished building: default.size.stdout
 
Finished building: TestMem.bin
 
Finished building: TestMem.list
 
10:36:11 **** Incremental Build of configuration Debug for project TestMem ****
make -j8 all 
arm-none-eabi-gcc "../Core/flash/flash.c" -mcpu=cortex-m4 -std=gnu11 -g3 -DUSE_HAL_DRIVER -DSTM32L452xx -DDEBUG -c -I../Core/Inc -I../Drivers/STM32L4xx_HAL_Driver/Inc -I../Drivers/STM32L4xx_HAL_Driver/Inc/Legacy -I../Drivers/CMSIS/Device/ST/STM32L4xx/Include -I../Drivers/CMSIS/Include -I"D:/SaoViet/project_1/flash/TestMem/Core/flash" -O0 -ffunction-sections -fdata-sections -Wall -fstack-usage -MMD -MP -MF"Core/flash/flash.d" -MT"Core/flash/flash.o" --specs=nano.specs -mfpu=fpv4-sp-d16 -mfloat-abi=hard -mthumb -o "Core/flash/flash.o"
../Core/flash/flash.c: In function 'Flash_Read_Int':
../Core/flash/flash.c:29:1: warning: control reaches end of non-void function [-Wreturn-type]
 }
 ^
../Core/flash/flash.c: In function 'Flash_Read_Float':
../Core/flash/flash.c:33:1: warning: control reaches end of non-void function [-Wreturn-type]
 }
 ^
arm-none-eabi-gcc -o "TestMem.elf" @"objects.list"   -mcpu=cortex-m4 -T"D:\SaoViet\project_1\flash\TestMem\STM32L452RCTX_FLASH.ld" --specs=nosys.specs -Wl,-Map="TestMem.map" -Wl,--gc-sections -static --specs=nano.specs -mfpu=fpv4-sp-d16 -mfloat-abi=hard -mthumb -Wl,--start-group -lc -lm -Wl,--end-group
Finished building target: TestMem.elf
 
arm-none-eabi-objdump -h -S  TestMem.elf  > "TestMem.list"
arm-none-eabi-objcopy  -O binary  TestMem.elf  "TestMem.bin"
arm-none-eabi-size   TestMem.elf 
   text	   data	    bss	    dec	    hex	filename
   5172	     20	   1572	   6764	   1a6c	TestMem.elf
Finished building: default.size.stdout
 
Finished building: TestMem.bin
 
Finished building: TestMem.list
 
10:48:42 **** Incremental Build of configuration Debug for project TestMem ****
make -j8 all 
arm-none-eabi-gcc "../Core/flash/flash.c" -mcpu=cortex-m4 -std=gnu11 -g3 -DUSE_HAL_DRIVER -DSTM32L452xx -DDEBUG -c -I../Core/Inc -I../Drivers/STM32L4xx_HAL_Driver/Inc -I../Drivers/STM32L4xx_HAL_Driver/Inc/Legacy -I../Drivers/CMSIS/Device/ST/STM32L4xx/Include -I../Drivers/CMSIS/Include -I"D:/SaoViet/project_1/flash/TestMem/Core/flash" -O0 -ffunction-sections -fdata-sections -Wall -fstack-usage -MMD -MP -MF"Core/flash/flash.d" -MT"Core/flash/flash.o" --specs=nano.specs -mfpu=fpv4-sp-d16 -mfloat-abi=hard -mthumb -o "Core/flash/flash.o"
../Core/flash/flash.c: In function 'Flash_Erase':
../Core/flash/flash.c:12:2: error: 'FLASH_Erase' undeclared (first use in this function); did you mean 'Flash_Erase'?
  FLASH_Erase
  ^~~~~~~~~~~
  Flash_Erase
../Core/flash/flash.c:12:2: note: each undeclared identifier is reported only once for each function it appears in
../Core/flash/flash.c:13:1: error: expected ';' before '}' token
 }
 ^
../Core/flash/flash.c: In function 'Flash_Read_Int':
../Core/flash/flash.c:29:1: warning: control reaches end of non-void function [-Wreturn-type]
 }
 ^
../Core/flash/flash.c: In function 'Flash_Read_Float':
../Core/flash/flash.c:33:1: warning: control reaches end of non-void function [-Wreturn-type]
 }
 ^
make: *** [Core/flash/subdir.mk:18: Core/flash/flash.o] Error 1
"make -j8 all" terminated with exit code 2. Build might be incomplete.
10:49:53 **** Incremental Build of configuration Debug for project TestMem ****
make -j8 all 
arm-none-eabi-gcc "../Core/flash/flash.c" -mcpu=cortex-m4 -std=gnu11 -g3 -DUSE_HAL_DRIVER -DSTM32L452xx -DDEBUG -c -I../Core/Inc -I../Drivers/STM32L4xx_HAL_Driver/Inc -I../Drivers/STM32L4xx_HAL_Driver/Inc/Legacy -I../Drivers/CMSIS/Device/ST/STM32L4xx/Include -I../Drivers/CMSIS/Include -I"D:/SaoViet/project_1/flash/TestMem/Core/flash" -O0 -ffunction-sections -fdata-sections -Wall -fstack-usage -MMD -MP -MF"Core/flash/flash.d" -MT"Core/flash/flash.o" --specs=nano.specs -mfpu=fpv4-sp-d16 -mfloat-abi=hard -mthumb -o "Core/flash/flash.o"
../Core/flash/flash.c: In function 'Flash_Erase':
../Core/flash/flash.c:12:25: warning: unused variable 'EraseInitStruct' [-Wunused-variable]
  FLASH_EraseInitTypeDef EraseInitStruct;
                         ^~~~~~~~~~~~~~~
../Core/flash/flash.c: In function 'Flash_Read_Int':
../Core/flash/flash.c:29:1: warning: control reaches end of non-void function [-Wreturn-type]
 }
 ^
../Core/flash/flash.c: In function 'Flash_Read_Float':
../Core/flash/flash.c:33:1: warning: control reaches end of non-void function [-Wreturn-type]
 }
 ^
arm-none-eabi-gcc -o "TestMem.elf" @"objects.list"   -mcpu=cortex-m4 -T"D:\SaoViet\project_1\flash\TestMem\STM32L452RCTX_FLASH.ld" --specs=nosys.specs -Wl,-Map="TestMem.map" -Wl,--gc-sections -static --specs=nano.specs -mfpu=fpv4-sp-d16 -mfloat-abi=hard -mthumb -Wl,--start-group -lc -lm -Wl,--end-group
Finished building target: TestMem.elf
 
arm-none-eabi-objdump -h -S  TestMem.elf  > "TestMem.list"
arm-none-eabi-objcopy  -O binary  TestMem.elf  "TestMem.bin"
arm-none-eabi-size   TestMem.elf 
   text	   data	    bss	    dec	    hex	filename
   5172	     20	   1572	   6764	   1a6c	TestMem.elf
Finished building: default.size.stdout
 
Finished building: TestMem.bin
 
Finished building: TestMem.list
 
10:52:45 **** Incremental Build of configuration Debug for project TestMem ****
make -j8 all 
arm-none-eabi-gcc "../Core/flash/flash.c" -mcpu=cortex-m4 -std=gnu11 -g3 -DUSE_HAL_DRIVER -DSTM32L452xx -DDEBUG -c -I../Core/Inc -I../Drivers/STM32L4xx_HAL_Driver/Inc -I../Drivers/STM32L4xx_HAL_Driver/Inc/Legacy -I../Drivers/CMSIS/Device/ST/STM32L4xx/Include -I../Drivers/CMSIS/Include -I"D:/SaoViet/project_1/flash/TestMem/Core/flash" -O0 -ffunction-sections -fdata-sections -Wall -fstack-usage -MMD -MP -MF"Core/flash/flash.d" -MT"Core/flash/flash.o" --specs=nano.specs -mfpu=fpv4-sp-d16 -mfloat-abi=hard -mthumb -o "Core/flash/flash.o"
../Core/flash/flash.c: In function 'Flash_Erase':
../Core/flash/flash.c:12:25: warning: variable 'EraseInitStruct' set but not used [-Wunused-but-set-variable]
  FLASH_EraseInitTypeDef EraseInitStruct;
                         ^~~~~~~~~~~~~~~
../Core/flash/flash.c: In function 'Flash_Read_Int':
../Core/flash/flash.c:33:1: warning: control reaches end of non-void function [-Wreturn-type]
 }
 ^
../Core/flash/flash.c: In function 'Flash_Read_Float':
../Core/flash/flash.c:37:1: warning: control reaches end of non-void function [-Wreturn-type]
 }
 ^
arm-none-eabi-gcc -o "TestMem.elf" @"objects.list"   -mcpu=cortex-m4 -T"D:\SaoViet\project_1\flash\TestMem\STM32L452RCTX_FLASH.ld" --specs=nosys.specs -Wl,-Map="TestMem.map" -Wl,--gc-sections -static --specs=nano.specs -mfpu=fpv4-sp-d16 -mfloat-abi=hard -mthumb -Wl,--start-group -lc -lm -Wl,--end-group
Finished building target: TestMem.elf
 
arm-none-eabi-objdump -h -S  TestMem.elf  > "TestMem.list"
arm-none-eabi-objcopy  -O binary  TestMem.elf  "TestMem.bin"
arm-none-eabi-size   TestMem.elf 
   text	   data	    bss	    dec	    hex	filename
   5172	     20	   1572	   6764	   1a6c	TestMem.elf
Finished building: default.size.stdout
 
Finished building: TestMem.bin
 
Finished building: TestMem.list
 
10:55:12 **** Incremental Build of configuration Debug for project TestMem ****
make -j8 all 
arm-none-eabi-gcc "../Core/flash/flash.c" -mcpu=cortex-m4 -std=gnu11 -g3 -DUSE_HAL_DRIVER -DSTM32L452xx -DDEBUG -c -I../Core/Inc -I../Drivers/STM32L4xx_HAL_Driver/Inc -I../Drivers/STM32L4xx_HAL_Driver/Inc/Legacy -I../Drivers/CMSIS/Device/ST/STM32L4xx/Include -I../Drivers/CMSIS/Include -I"D:/SaoViet/project_1/flash/TestMem/Core/flash" -O0 -ffunction-sections -fdata-sections -Wall -fstack-usage -MMD -MP -MF"Core/flash/flash.d" -MT"Core/flash/flash.o" --specs=nano.specs -mfpu=fpv4-sp-d16 -mfloat-abi=hard -mthumb -o "Core/flash/flash.o"
../Core/flash/flash.c: In function 'Flash_Erase':
../Core/flash/flash.c:17:11: warning: unused variable 'pagerror' [-Wunused-variable]
  uint32_t pagerror;
           ^~~~~~~~
../Core/flash/flash.c:12:25: warning: variable 'EraseInitStruct' set but not used [-Wunused-but-set-variable]
  FLASH_EraseInitTypeDef EraseInitStruct;
                         ^~~~~~~~~~~~~~~
../Core/flash/flash.c: In function 'Flash_Read_Int':
../Core/flash/flash.c:35:1: warning: control reaches end of non-void function [-Wreturn-type]
 }
 ^
../Core/flash/flash.c: In function 'Flash_Read_Float':
../Core/flash/flash.c:39:1: warning: control reaches end of non-void function [-Wreturn-type]
 }
 ^
arm-none-eabi-gcc -o "TestMem.elf" @"objects.list"   -mcpu=cortex-m4 -T"D:\SaoViet\project_1\flash\TestMem\STM32L452RCTX_FLASH.ld" --specs=nosys.specs -Wl,-Map="TestMem.map" -Wl,--gc-sections -static --specs=nano.specs -mfpu=fpv4-sp-d16 -mfloat-abi=hard -mthumb -Wl,--start-group -lc -lm -Wl,--end-group
Finished building target: TestMem.elf
 
arm-none-eabi-objdump -h -S  TestMem.elf  > "TestMem.list"
arm-none-eabi-objcopy  -O binary  TestMem.elf  "TestMem.bin"
arm-none-eabi-size   TestMem.elf 
   text	   data	    bss	    dec	    hex	filename
   5172	     20	   1572	   6764	   1a6c	TestMem.elf
Finished building: default.size.stdout
 
Finished building: TestMem.bin
 
Finished building: TestMem.list
 
10:56:09 **** Incremental Build of configuration Debug for project TestMem ****
make -j8 all 
arm-none-eabi-gcc "../Core/flash/flash.c" -mcpu=cortex-m4 -std=gnu11 -g3 -DUSE_HAL_DRIVER -DSTM32L452xx -DDEBUG -c -I../Core/Inc -I../Drivers/STM32L4xx_HAL_Driver/Inc -I../Drivers/STM32L4xx_HAL_Driver/Inc/Legacy -I../Drivers/CMSIS/Device/ST/STM32L4xx/Include -I../Drivers/CMSIS/Include -I"D:/SaoViet/project_1/flash/TestMem/Core/flash" -O0 -ffunction-sections -fdata-sections -Wall -fstack-usage -MMD -MP -MF"Core/flash/flash.d" -MT"Core/flash/flash.o" --specs=nano.specs -mfpu=fpv4-sp-d16 -mfloat-abi=hard -mthumb -o "Core/flash/flash.o"
../Core/flash/flash.c: In function 'Flash_Erase':
../Core/flash/flash.c:18:38: warning: passing argument 2 of 'HAL_FLASHEx_Erase' makes pointer from integer without a cast [-Wint-conversion]
  HAL_FLASHEx_Erase(&EraseInitStruct, pagerror);
                                      ^~~~~~~~
In file included from ../Drivers/STM32L4xx_HAL_Driver/Inc/stm32l4xx_hal_flash.h:772:0,
                 from ../Core/Inc/stm32l4xx_hal_conf.h:329,
                 from ../Drivers/STM32L4xx_HAL_Driver/Inc/stm32l4xx_hal.h:30,
                 from ../Core/flash/flash.c:7:
../Drivers/STM32L4xx_HAL_Driver/Inc/stm32l4xx_hal_flash_ex.h:71:19: note: expected 'uint32_t * {aka long unsigned int *}' but argument is of type 'uint32_t {aka long unsigned int}'
 HAL_StatusTypeDef HAL_FLASHEx_Erase(FLASH_EraseInitTypeDef *pEraseInit, uint32_t *PageError);
                   ^~~~~~~~~~~~~~~~~
../Core/flash/flash.c: In function 'Flash_Read_Int':
../Core/flash/flash.c:35:1: warning: control reaches end of non-void function [-Wreturn-type]
 }
 ^
../Core/flash/flash.c: In function 'Flash_Read_Float':
../Core/flash/flash.c:39:1: warning: control reaches end of non-void function [-Wreturn-type]
 }
 ^
../Core/flash/flash.c: In function 'Flash_Erase':
../Core/flash/flash.c:18:2: warning: 'pagerror' is used uninitialized in this function [-Wuninitialized]
  HAL_FLASHEx_Erase(&EraseInitStruct, pagerror);
  ^~~~~~~~~~~~~~~~~~~~~~~~~~~~~~~~~~~~~~~~~~~~~
arm-none-eabi-gcc -o "TestMem.elf" @"objects.list"   -mcpu=cortex-m4 -T"D:\SaoViet\project_1\flash\TestMem\STM32L452RCTX_FLASH.ld" --specs=nosys.specs -Wl,-Map="TestMem.map" -Wl,--gc-sections -static --specs=nano.specs -mfpu=fpv4-sp-d16 -mfloat-abi=hard -mthumb -Wl,--start-group -lc -lm -Wl,--end-group
Finished building target: TestMem.elf
 
arm-none-eabi-objdump -h -S  TestMem.elf  > "TestMem.list"
arm-none-eabi-objcopy  -O binary  TestMem.elf  "TestMem.bin"
arm-none-eabi-size   TestMem.elf 
   text	   data	    bss	    dec	    hex	filename
   5172	     20	   1572	   6764	   1a6c	TestMem.elf
Finished building: default.size.stdout
 
Finished building: TestMem.bin
 
Finished building: TestMem.list
 
10:56:46 **** Incremental Build of configuration Debug for project TestMem ****
make -j8 all 
arm-none-eabi-gcc "../Core/flash/flash.c" -mcpu=cortex-m4 -std=gnu11 -g3 -DUSE_HAL_DRIVER -DSTM32L452xx -DDEBUG -c -I../Core/Inc -I../Drivers/STM32L4xx_HAL_Driver/Inc -I../Drivers/STM32L4xx_HAL_Driver/Inc/Legacy -I../Drivers/CMSIS/Device/ST/STM32L4xx/Include -I../Drivers/CMSIS/Include -I"D:/SaoViet/project_1/flash/TestMem/Core/flash" -O0 -ffunction-sections -fdata-sections -Wall -fstack-usage -MMD -MP -MF"Core/flash/flash.d" -MT"Core/flash/flash.o" --specs=nano.specs -mfpu=fpv4-sp-d16 -mfloat-abi=hard -mthumb -o "Core/flash/flash.o"
../Core/flash/flash.c: In function 'Flash_Read_Int':
../Core/flash/flash.c:35:1: warning: control reaches end of non-void function [-Wreturn-type]
 }
 ^
../Core/flash/flash.c: In function 'Flash_Read_Float':
../Core/flash/flash.c:39:1: warning: control reaches end of non-void function [-Wreturn-type]
 }
 ^
arm-none-eabi-gcc -o "TestMem.elf" @"objects.list"   -mcpu=cortex-m4 -T"D:\SaoViet\project_1\flash\TestMem\STM32L452RCTX_FLASH.ld" --specs=nosys.specs -Wl,-Map="TestMem.map" -Wl,--gc-sections -static --specs=nano.specs -mfpu=fpv4-sp-d16 -mfloat-abi=hard -mthumb -Wl,--start-group -lc -lm -Wl,--end-group
Finished building target: TestMem.elf
 
arm-none-eabi-objdump -h -S  TestMem.elf  > "TestMem.list"
arm-none-eabi-objcopy  -O binary  TestMem.elf  "TestMem.bin"
arm-none-eabi-size   TestMem.elf 
   text	   data	    bss	    dec	    hex	filename
   5172	     20	   1572	   6764	   1a6c	TestMem.elf
Finished building: default.size.stdout
 
Finished building: TestMem.bin
 
Finished building: TestMem.list
 
11:46:24 **** Incremental Build of configuration Debug for project TestMem ****
make -j8 all 
arm-none-eabi-gcc "../Core/flash/flash.c" -mcpu=cortex-m4 -std=gnu11 -g3 -DUSE_HAL_DRIVER -DSTM32L452xx -DDEBUG -c -I../Core/Inc -I../Drivers/STM32L4xx_HAL_Driver/Inc -I../Drivers/STM32L4xx_HAL_Driver/Inc/Legacy -I../Drivers/CMSIS/Device/ST/STM32L4xx/Include -I../Drivers/CMSIS/Include -I"D:/SaoViet/project_1/flash/TestMem/Core/flash" -O0 -ffunction-sections -fdata-sections -Wall -fstack-usage -MMD -MP -MF"Core/flash/flash.d" -MT"Core/flash/flash.o" --specs=nano.specs -mfpu=fpv4-sp-d16 -mfloat-abi=hard -mthumb -o "Core/flash/flash.o"
arm-none-eabi-gcc "../Core/Src/main.c" -mcpu=cortex-m4 -std=gnu11 -g3 -DUSE_HAL_DRIVER -DSTM32L452xx -DDEBUG -c -I../Core/Inc -I../Drivers/STM32L4xx_HAL_Driver/Inc -I../Drivers/STM32L4xx_HAL_Driver/Inc/Legacy -I../Drivers/CMSIS/Device/ST/STM32L4xx/Include -I../Drivers/CMSIS/Include -I"D:/SaoViet/project_1/flash/TestMem/Core/flash" -O0 -ffunction-sections -fdata-sections -Wall -fstack-usage -MMD -MP -MF"Core/Src/main.d" -MT"Core/Src/main.o" --specs=nano.specs -mfpu=fpv4-sp-d16 -mfloat-abi=hard -mthumb -o "Core/Src/main.o"
../Core/flash/flash.c: In function 'Flash_Read_Float':
../Core/flash/flash.c:43:1: warning: control reaches end of non-void function [-Wreturn-type]
 }
 ^
arm-none-eabi-gcc -o "TestMem.elf" @"objects.list"   -mcpu=cortex-m4 -T"D:\SaoViet\project_1\flash\TestMem\STM32L452RCTX_FLASH.ld" --specs=nosys.specs -Wl,-Map="TestMem.map" -Wl,--gc-sections -static --specs=nano.specs -mfpu=fpv4-sp-d16 -mfloat-abi=hard -mthumb -Wl,--start-group -lc -lm -Wl,--end-group
Finished building target: TestMem.elf
 
arm-none-eabi-objdump -h -S  TestMem.elf  > "TestMem.list"
arm-none-eabi-objcopy  -O binary  TestMem.elf  "TestMem.bin"
arm-none-eabi-size   TestMem.elf 
   text	   data	    bss	    dec	    hex	filename
   6588	     52	   1572	   8212	   2014	TestMem.elf
Finished building: default.size.stdout
 
Finished building: TestMem.bin
 
Finished building: TestMem.list
 
11:46:37 **** Incremental Build of configuration Debug for project TestMem ****
make -j8 all 
arm-none-eabi-size   TestMem.elf 
   text	   data	    bss	    dec	    hex	filename
   6588	     52	   1572	   8212	   2014	TestMem.elf
Finished building: default.size.stdout
 
11:47:11 **** Incremental Build of configuration Debug for project TestMem ****
make -j8 all 
arm-none-eabi-size   TestMem.elf 
   text	   data	    bss	    dec	    hex	filename
   6588	     52	   1572	   8212	   2014	TestMem.elf
Finished building: default.size.stdout
 
11:51:54 **** Incremental Build of configuration Debug for project TestMem ****
make -j8 all 
arm-none-eabi-size   TestMem.elf 
   text	   data	    bss	    dec	    hex	filename
   6588	     52	   1572	   8212	   2014	TestMem.elf
Finished building: default.size.stdout
 
11:53:26 **** Incremental Build of configuration Debug for project TestMem ****
make -j8 all 
arm-none-eabi-size   TestMem.elf 
   text	   data	    bss	    dec	    hex	filename
   6588	     52	   1572	   8212	   2014	TestMem.elf
Finished building: default.size.stdout
 
08:59:02 **** Build of configuration Debug for project TestMem ****
make -j8 all 
arm-none-eabi-gcc "../Core/flash/flash.c" -mcpu=cortex-m4 -std=gnu11 -g3 -DUSE_HAL_DRIVER -DSTM32L452xx -DDEBUG -c -I../Core/Inc -I../Drivers/STM32L4xx_HAL_Driver/Inc -I../Drivers/STM32L4xx_HAL_Driver/Inc/Legacy -I../Drivers/CMSIS/Device/ST/STM32L4xx/Include -I../Drivers/CMSIS/Include -I"D:/SaoViet/project_1/flash/TestMem/Core/flash" -O0 -ffunction-sections -fdata-sections -Wall -fstack-usage -MMD -MP -MF"Core/flash/flash.d" -MT"Core/flash/flash.o" --specs=nano.specs -mfpu=fpv4-sp-d16 -mfloat-abi=hard -mthumb -o "Core/flash/flash.o"
../Core/flash/flash.c: In function 'Flash_Write_Int':
../Core/flash/flash.c:24:20: error: 'FLASH_TYPEPROGRAM_WORD' undeclared (first use in this function); did you mean 'FLASH_TYPEPROGRAM_FAST'?
  HAL_FLASH_Program(FLASH_TYPEPROGRAM_WORD, address, value);
                    ^~~~~~~~~~~~~~~~~~~~~~
                    FLASH_TYPEPROGRAM_FAST
../Core/flash/flash.c:24:20: note: each undeclared identifier is reported only once for each function it appears in
../Core/flash/flash.c: In function 'Flash_Read_Float':
../Core/flash/flash.c:43:1: warning: control reaches end of non-void function [-Wreturn-type]
 }
 ^
make: *** [Core/flash/subdir.mk:18: Core/flash/flash.o] Error 1
"make -j8 all" terminated with exit code 2. Build might be incomplete.
08:59:41 **** Incremental Build of configuration Debug for project TestMem ****
make -j8 all 
arm-none-eabi-gcc "../Core/flash/flash.c" -mcpu=cortex-m4 -std=gnu11 -g3 -DUSE_HAL_DRIVER -DSTM32L452xx -DDEBUG -c -I../Core/Inc -I../Drivers/STM32L4xx_HAL_Driver/Inc -I../Drivers/STM32L4xx_HAL_Driver/Inc/Legacy -I../Drivers/CMSIS/Device/ST/STM32L4xx/Include -I../Drivers/CMSIS/Include -I"D:/SaoViet/project_1/flash/TestMem/Core/flash" -O0 -ffunction-sections -fdata-sections -Wall -fstack-usage -MMD -MP -MF"Core/flash/flash.d" -MT"Core/flash/flash.o" --specs=nano.specs -mfpu=fpv4-sp-d16 -mfloat-abi=hard -mthumb -o "Core/flash/flash.o"
../Core/flash/flash.c: In function 'Flash_Read_Float':
../Core/flash/flash.c:43:1: warning: control reaches end of non-void function [-Wreturn-type]
 }
 ^
arm-none-eabi-gcc -o "TestMem.elf" @"objects.list"   -mcpu=cortex-m4 -T"D:\SaoViet\project_1\flash\TestMem\STM32L452RCTX_FLASH.ld" --specs=nosys.specs -Wl,-Map="TestMem.map" -Wl,--gc-sections -static --specs=nano.specs -mfpu=fpv4-sp-d16 -mfloat-abi=hard -mthumb -Wl,--start-group -lc -lm -Wl,--end-group
Finished building target: TestMem.elf
 
arm-none-eabi-objdump -h -S  TestMem.elf  > "TestMem.list"
arm-none-eabi-objcopy  -O binary  TestMem.elf  "TestMem.bin"
arm-none-eabi-size   TestMem.elf 
   text	   data	    bss	    dec	    hex	filename
   6588	     52	   1572	   8212	   2014	TestMem.elf
Finished building: default.size.stdout
 
Finished building: TestMem.bin
 
Finished building: TestMem.list
 
09:24:17 **** Incremental Build of configuration Debug for project TestMem ****
make -j8 all 
arm-none-eabi-gcc "../Core/Src/main.c" -mcpu=cortex-m4 -std=gnu11 -g3 -DUSE_HAL_DRIVER -DSTM32L452xx -DDEBUG -c -I../Core/Inc -I../Drivers/STM32L4xx_HAL_Driver/Inc -I../Drivers/STM32L4xx_HAL_Driver/Inc/Legacy -I../Drivers/CMSIS/Device/ST/STM32L4xx/Include -I../Drivers/CMSIS/Include -I"D:/SaoViet/project_1/flash/TestMem/Core/flash" -O0 -ffunction-sections -fdata-sections -Wall -fstack-usage -MMD -MP -MF"Core/Src/main.d" -MT"Core/Src/main.o" --specs=nano.specs -mfpu=fpv4-sp-d16 -mfloat-abi=hard -mthumb -o "Core/Src/main.o"
arm-none-eabi-gcc -o "TestMem.elf" @"objects.list"   -mcpu=cortex-m4 -T"D:\SaoViet\project_1\flash\TestMem\STM32L452RCTX_FLASH.ld" --specs=nosys.specs -Wl,-Map="TestMem.map" -Wl,--gc-sections -static --specs=nano.specs -mfpu=fpv4-sp-d16 -mfloat-abi=hard -mthumb -Wl,--start-group -lc -lm -Wl,--end-group
Finished building target: TestMem.elf
 
arm-none-eabi-objdump -h -S  TestMem.elf  > "TestMem.list"
arm-none-eabi-objcopy  -O binary  TestMem.elf  "TestMem.bin"
arm-none-eabi-size   TestMem.elf 
   text	   data	    bss	    dec	    hex	filename
   6588	     52	   1572	   8212	   2014	TestMem.elf
Finished building: default.size.stdout
 
Finished building: TestMem.bin
 
Finished building: TestMem.list
 
09:40:28 **** Incremental Build of configuration Debug for project TestMem ****
make -j8 all 
arm-none-eabi-size   TestMem.elf 
   text	   data	    bss	    dec	    hex	filename
   6588	     52	   1572	   8212	   2014	TestMem.elf
Finished building: default.size.stdout
 
09:41:03 **** Incremental Build of configuration Debug for project TestMem ****
make -j8 all 
arm-none-eabi-size   TestMem.elf 
   text	   data	    bss	    dec	    hex	filename
   6588	     52	   1572	   8212	   2014	TestMem.elf
Finished building: default.size.stdout
 
09:41:57 **** Incremental Build of configuration Debug for project TestMem ****
make -j8 all 
arm-none-eabi-size   TestMem.elf 
   text	   data	    bss	    dec	    hex	filename
   6588	     52	   1572	   8212	   2014	TestMem.elf
Finished building: default.size.stdout
 
09:42:35 **** Incremental Build of configuration Debug for project TestMem ****
make -j8 all 
arm-none-eabi-size   TestMem.elf 
   text	   data	    bss	    dec	    hex	filename
   6588	     52	   1572	   8212	   2014	TestMem.elf
Finished building: default.size.stdout
 
09:53:06 **** Incremental Build of configuration Debug for project TestMem ****
make -j8 all 
arm-none-eabi-gcc "../Core/Src/main.c" -mcpu=cortex-m4 -std=gnu11 -g3 -DUSE_HAL_DRIVER -DSTM32L452xx -DDEBUG -c -I../Core/Inc -I../Drivers/STM32L4xx_HAL_Driver/Inc -I../Drivers/STM32L4xx_HAL_Driver/Inc/Legacy -I../Drivers/CMSIS/Device/ST/STM32L4xx/Include -I../Drivers/CMSIS/Include -I"D:/SaoViet/project_1/flash/TestMem/Core/flash" -O0 -ffunction-sections -fdata-sections -Wall -fstack-usage -MMD -MP -MF"Core/Src/main.d" -MT"Core/Src/main.o" --specs=nano.specs -mfpu=fpv4-sp-d16 -mfloat-abi=hard -mthumb -o "Core/Src/main.o"
arm-none-eabi-gcc -o "TestMem.elf" @"objects.list"   -mcpu=cortex-m4 -T"D:\SaoViet\project_1\flash\TestMem\STM32L452RCTX_FLASH.ld" --specs=nosys.specs -Wl,-Map="TestMem.map" -Wl,--gc-sections -static --specs=nano.specs -mfpu=fpv4-sp-d16 -mfloat-abi=hard -mthumb -Wl,--start-group -lc -lm -Wl,--end-group
Finished building target: TestMem.elf
 
arm-none-eabi-objdump -h -S  TestMem.elf  > "TestMem.list"
arm-none-eabi-objcopy  -O binary  TestMem.elf  "TestMem.bin"
arm-none-eabi-size   TestMem.elf 
   text	   data	    bss	    dec	    hex	filename
   6588	     52	   1572	   8212	   2014	TestMem.elf
Finished building: default.size.stdout
 
Finished building: TestMem.bin
 
Finished building: TestMem.list
 
09:53:09 **** Incremental Build of configuration Debug for project TestMem ****
make -j8 all 
arm-none-eabi-size   TestMem.elf 
   text	   data	    bss	    dec	    hex	filename
   6588	     52	   1572	   8212	   2014	TestMem.elf
Finished building: default.size.stdout
 
10:41:22 **** Incremental Build of configuration Debug for project TestMem ****
make -j8 all 
arm-none-eabi-size   TestMem.elf 
arm-none-eabi-objcopy  -O ihex  TestMem.elf  "TestMem.hex"
   text	   data	    bss	    dec	    hex	filename
   6588	     52	   1572	   8212	   2014	TestMem.elf
Finished building: default.size.stdout
 
Finished building: TestMem.hex
 
10:42:45 **** Incremental Build of configuration Debug for project TestMem ****
make -j8 all 
arm-none-eabi-size   TestMem.elf 
   text	   data	    bss	    dec	    hex	filename
   6588	     52	   1572	   8212	   2014	TestMem.elf
Finished building: default.size.stdout
 
10:53:07 **** Incremental Build of configuration Debug for project TestMem ****
make -j8 all 
arm-none-eabi-size   TestMem.elf 
   text	   data	    bss	    dec	    hex	filename
   6588	     52	   1572	   8212	   2014	TestMem.elf
Finished building: default.size.stdout
 
15:27:14 **** Incremental Build of configuration Debug for project TestMem ****
make -j8 all 
arm-none-eabi-gcc "../Core/flash/FLASH_PAGE_F1.c" -mcpu=cortex-m4 -std=gnu11 -g3 -DUSE_HAL_DRIVER -DSTM32L452xx -DDEBUG -c -I../Core/Inc -I../Drivers/STM32L4xx_HAL_Driver/Inc -I../Drivers/STM32L4xx_HAL_Driver/Inc/Legacy -I../Drivers/CMSIS/Device/ST/STM32L4xx/Include -I../Drivers/CMSIS/Include -I"D:/SaoViet/project_1/flash/TestMem/Core/flash" -O0 -ffunction-sections -fdata-sections -Wall -fstack-usage -MMD -MP -MF"Core/flash/FLASH_PAGE_F1.d" -MT"Core/flash/FLASH_PAGE_F1.o" --specs=nano.specs -mfpu=fpv4-sp-d16 -mfloat-abi=hard -mthumb -o "Core/flash/FLASH_PAGE_F1.o"
arm-none-eabi-gcc "../Core/Src/main.c" -mcpu=cortex-m4 -std=gnu11 -g3 -DUSE_HAL_DRIVER -DSTM32L452xx -DDEBUG -c -I../Core/Inc -I../Drivers/STM32L4xx_HAL_Driver/Inc -I../Drivers/STM32L4xx_HAL_Driver/Inc/Legacy -I../Drivers/CMSIS/Device/ST/STM32L4xx/Include -I../Drivers/CMSIS/Include -I"D:/SaoViet/project_1/flash/TestMem/Core/flash" -O0 -ffunction-sections -fdata-sections -Wall -fstack-usage -MMD -MP -MF"Core/Src/main.d" -MT"Core/Src/main.o" --specs=nano.specs -mfpu=fpv4-sp-d16 -mfloat-abi=hard -mthumb -o "Core/Src/main.o"
In file included from ../Core/flash/FLASH_PAGE_F1.c:18:0:
../Core/flash/FLASH_PAGE_F1.h:21:10: fatal error: stm32f1xx_hal.h: No such file or directory
 #include "stm32f1xx_hal.h"
          ^~~~~~~~~~~~~~~~~
compilation terminated.
make: *** [Core/flash/subdir.mk:21: Core/flash/FLASH_PAGE_F1.o] Error 1
make: *** Waiting for unfinished jobs....
"make -j8 all" terminated with exit code 2. Build might be incomplete.
15:27:50 **** Incremental Build of configuration Debug for project TestMem ****
make -j8 all 
arm-none-eabi-gcc "../Core/flash/FLASH_PAGE_F1.c" -mcpu=cortex-m4 -std=gnu11 -g3 -DUSE_HAL_DRIVER -DSTM32L452xx -DDEBUG -c -I../Core/Inc -I../Drivers/STM32L4xx_HAL_Driver/Inc -I../Drivers/STM32L4xx_HAL_Driver/Inc/Legacy -I../Drivers/CMSIS/Device/ST/STM32L4xx/Include -I../Drivers/CMSIS/Include -I"D:/SaoViet/project_1/flash/TestMem/Core/flash" -O0 -ffunction-sections -fdata-sections -Wall -fstack-usage -MMD -MP -MF"Core/flash/FLASH_PAGE_F1.d" -MT"Core/flash/FLASH_PAGE_F1.o" --specs=nano.specs -mfpu=fpv4-sp-d16 -mfloat-abi=hard -mthumb -o "Core/flash/FLASH_PAGE_F1.o"
../Core/flash/FLASH_PAGE_F1.c: In function 'Flash_Write_Data':
../Core/flash/FLASH_PAGE_F1.c:93:20: error: 'FLASH_EraseInitTypeDef {aka struct <anonymous>}' has no member named 'PageAddress'
     EraseInitStruct.PageAddress = StartPage;
                    ^
../Core/flash/FLASH_PAGE_F1.c:106:29: error: 'FLASH_TYPEPROGRAM_WORD' undeclared (first use in this function); did you mean 'FLASH_TYPEPROGRAM_FAST'?
       if (HAL_FLASH_Program(FLASH_TYPEPROGRAM_WORD, StartPageAddress, Data[sofar]) == HAL_OK)
                             ^~~~~~~~~~~~~~~~~~~~~~
                             FLASH_TYPEPROGRAM_FAST
../Core/flash/FLASH_PAGE_F1.c:106:29: note: each undeclared identifier is reported only once for each function it appears in
make: *** [Core/flash/subdir.mk:21: Core/flash/FLASH_PAGE_F1.o] Error 1
"make -j8 all" terminated with exit code 2. Build might be incomplete.
15:28:17 **** Incremental Build of configuration Debug for project TestMem ****
make -j8 all 
arm-none-eabi-gcc "../Core/flash/FLASH_PAGE_F1.c" -mcpu=cortex-m4 -std=gnu11 -g3 -DUSE_HAL_DRIVER -DSTM32L452xx -DDEBUG -c -I../Core/Inc -I../Drivers/STM32L4xx_HAL_Driver/Inc -I../Drivers/STM32L4xx_HAL_Driver/Inc/Legacy -I../Drivers/CMSIS/Device/ST/STM32L4xx/Include -I../Drivers/CMSIS/Include -I"D:/SaoViet/project_1/flash/TestMem/Core/flash" -O0 -ffunction-sections -fdata-sections -Wall -fstack-usage -MMD -MP -MF"Core/flash/FLASH_PAGE_F1.d" -MT"Core/flash/FLASH_PAGE_F1.o" --specs=nano.specs -mfpu=fpv4-sp-d16 -mfloat-abi=hard -mthumb -o "Core/flash/FLASH_PAGE_F1.o"
../Core/flash/FLASH_PAGE_F1.c: In function 'Flash_Write_Data':
../Core/flash/FLASH_PAGE_F1.c:106:29: error: 'FLASH_TYPEPROGRAM_WORD' undeclared (first use in this function); did you mean 'FLASH_TYPEPROGRAM_FAST'?
       if (HAL_FLASH_Program(FLASH_TYPEPROGRAM_WORD, StartPageAddress, Data[sofar]) == HAL_OK)
                             ^~~~~~~~~~~~~~~~~~~~~~
                             FLASH_TYPEPROGRAM_FAST
../Core/flash/FLASH_PAGE_F1.c:106:29: note: each undeclared identifier is reported only once for each function it appears in
make: *** [Core/flash/subdir.mk:21: Core/flash/FLASH_PAGE_F1.o] Error 1
"make -j8 all" terminated with exit code 2. Build might be incomplete.
15:28:55 **** Incremental Build of configuration Debug for project TestMem ****
make -j8 all 
arm-none-eabi-gcc "../Core/flash/FLASH_PAGE_F1.c" -mcpu=cortex-m4 -std=gnu11 -g3 -DUSE_HAL_DRIVER -DSTM32L452xx -DDEBUG -c -I../Core/Inc -I../Drivers/STM32L4xx_HAL_Driver/Inc -I../Drivers/STM32L4xx_HAL_Driver/Inc/Legacy -I../Drivers/CMSIS/Device/ST/STM32L4xx/Include -I../Drivers/CMSIS/Include -I"D:/SaoViet/project_1/flash/TestMem/Core/flash" -O0 -ffunction-sections -fdata-sections -Wall -fstack-usage -MMD -MP -MF"Core/flash/FLASH_PAGE_F1.d" -MT"Core/flash/FLASH_PAGE_F1.o" --specs=nano.specs -mfpu=fpv4-sp-d16 -mfloat-abi=hard -mthumb -o "Core/flash/FLASH_PAGE_F1.o"
arm-none-eabi-gcc -o "TestMem.elf" @"objects.list"   -mcpu=cortex-m4 -T"D:\SaoViet\project_1\flash\TestMem\STM32L452RCTX_FLASH.ld" --specs=nosys.specs -Wl,-Map="TestMem.map" -Wl,--gc-sections -static --specs=nano.specs -mfpu=fpv4-sp-d16 -mfloat-abi=hard -mthumb -Wl,--start-group -lc -lm -Wl,--end-group
Finished building target: TestMem.elf
 
arm-none-eabi-objdump -h -S  TestMem.elf  > "TestMem.list"
arm-none-eabi-objcopy  -O ihex  TestMem.elf  "TestMem.hex"
arm-none-eabi-objcopy  -O binary  TestMem.elf  "TestMem.bin"
arm-none-eabi-size   TestMem.elf 
   text	   data	    bss	    dec	    hex	filename
   5172	     20	   1572	   6764	   1a6c	TestMem.elf
Finished building: default.size.stdout
 
Finished building: TestMem.bin
 
Finished building: TestMem.hex
 
Finished building: TestMem.list
 
17:29:26 **** Incremental Build of configuration Debug for project TestMem ****
make -j8 all 
arm-none-eabi-gcc "../Core/flash/FLASH_PAGE_F1.c" -mcpu=cortex-m4 -std=gnu11 -g3 -DUSE_HAL_DRIVER -DSTM32L452xx -DDEBUG -c -I../Core/Inc -I../Drivers/STM32L4xx_HAL_Driver/Inc -I../Drivers/STM32L4xx_HAL_Driver/Inc/Legacy -I../Drivers/CMSIS/Device/ST/STM32L4xx/Include -I../Drivers/CMSIS/Include -I"D:/SaoViet/project_1/flash/TestMem/Core/flash" -O0 -ffunction-sections -fdata-sections -Wall -fstack-usage -MMD -MP -MF"Core/flash/FLASH_PAGE_F1.d" -MT"Core/flash/FLASH_PAGE_F1.o" --specs=nano.specs -mfpu=fpv4-sp-d16 -mfloat-abi=hard -mthumb -o "Core/flash/FLASH_PAGE_F1.o"
arm-none-eabi-gcc "../Core/Src/main.c" -mcpu=cortex-m4 -std=gnu11 -g3 -DUSE_HAL_DRIVER -DSTM32L452xx -DDEBUG -c -I../Core/Inc -I../Drivers/STM32L4xx_HAL_Driver/Inc -I../Drivers/STM32L4xx_HAL_Driver/Inc/Legacy -I../Drivers/CMSIS/Device/ST/STM32L4xx/Include -I../Drivers/CMSIS/Include -I"D:/SaoViet/project_1/flash/TestMem/Core/flash" -O0 -ffunction-sections -fdata-sections -Wall -fstack-usage -MMD -MP -MF"Core/Src/main.d" -MT"Core/Src/main.o" --specs=nano.specs -mfpu=fpv4-sp-d16 -mfloat-abi=hard -mthumb -o "Core/Src/main.o"
arm-none-eabi-gcc -o "TestMem.elf" @"objects.list"   -mcpu=cortex-m4 -T"D:\SaoViet\project_1\flash\TestMem\STM32L452RCTX_FLASH.ld" --specs=nosys.specs -Wl,-Map="TestMem.map" -Wl,--gc-sections -static --specs=nano.specs -mfpu=fpv4-sp-d16 -mfloat-abi=hard -mthumb -Wl,--start-group -lc -lm -Wl,--end-group
Finished building target: TestMem.elf
 
arm-none-eabi-objdump -h -S  TestMem.elf  > "TestMem.list"
arm-none-eabi-objcopy  -O ihex  TestMem.elf  "TestMem.hex"
arm-none-eabi-objcopy  -O binary  TestMem.elf  "TestMem.bin"
arm-none-eabi-size   TestMem.elf 
   text	   data	    bss	    dec	    hex	filename
   6728	     60	   1588	   8376	   20b8	TestMem.elf
Finished building: default.size.stdout
 
Finished building: TestMem.hex
 
Finished building: TestMem.bin
 
Finished building: TestMem.list
 
17:29:31 **** Incremental Build of configuration Debug for project TestMem ****
make -j8 all 
arm-none-eabi-size   TestMem.elf 
   text	   data	    bss	    dec	    hex	filename
   6728	     60	   1588	   8376	   20b8	TestMem.elf
Finished building: default.size.stdout
 
17:29:47 **** Incremental Build of configuration Debug for project TestMem ****
make -j8 all 
arm-none-eabi-size   TestMem.elf 
   text	   data	    bss	    dec	    hex	filename
   6728	     60	   1588	   8376	   20b8	TestMem.elf
Finished building: default.size.stdout
 
17:30:52 **** Incremental Build of configuration Debug for project TestMem ****
make -j8 all 
arm-none-eabi-size   TestMem.elf 
   text	   data	    bss	    dec	    hex	filename
   6728	     60	   1588	   8376	   20b8	TestMem.elf
Finished building: default.size.stdout
 
17:30:54 **** Incremental Build of configuration Debug for project TestMem ****
make -j8 all 
arm-none-eabi-size   TestMem.elf 
[...]
 void Flash_Read_Data (uint32_t StartPageAddress, *destination, uint16_t length_inByte)
                                                  ^
../Core/flash/FLASH_PAGE.c: In function 'Flash_Write_NUM':
../Core/flash/FLASH_PAGE.c:154:40: warning: passing argument 2 of 'Flash_Write_Data' from incompatible pointer type [-Wincompatible-pointer-types]
  Flash_Write_Data (StartSectorAddress, (uint32_t *)bytes_temp, 1);
                                        ^
../Core/flash/FLASH_PAGE.c:72:10: note: expected 'uint8_t * {aka unsigned char *}' but argument is of type 'uint32_t * {aka long unsigned int *}'
 uint32_t Flash_Write_Data (uint32_t StartPageAddress, uint8_t *Data, uint32_t data_length)
          ^~~~~~~~~~~~~~~~
make: *** [Core/flash/subdir.mk:21: Core/flash/FLASH_PAGE.o] Error 1
make: *** Waiting for unfinished jobs....
"make -j8 all" terminated with exit code 2. Build might be incomplete.
17:24:57 **** Incremental Build of configuration Debug for project TestMem ****
make -j8 all 
arm-none-eabi-gcc "../Core/flash/FLASH_PAGE.c" -mcpu=cortex-m4 -std=gnu11 -g3 -DUSE_HAL_DRIVER -DSTM32L452xx -DDEBUG -c -I../Core/Inc -I../Drivers/STM32L4xx_HAL_Driver/Inc -I../Drivers/STM32L4xx_HAL_Driver/Inc/Legacy -I../Drivers/CMSIS/Device/ST/STM32L4xx/Include -I../Drivers/CMSIS/Include -I"D:/SaoViet/project_1/flash/TestMem/Core/flash" -O0 -ffunction-sections -fdata-sections -Wall -fstack-usage -MMD -MP -MF"Core/flash/FLASH_PAGE.d" -MT"Core/flash/FLASH_PAGE.o" --specs=nano.specs -mfpu=fpv4-sp-d16 -mfloat-abi=hard -mthumb -o "Core/flash/FLASH_PAGE.o"
arm-none-eabi-gcc "../Core/Src/main.c" -mcpu=cortex-m4 -std=gnu11 -g3 -DUSE_HAL_DRIVER -DSTM32L452xx -DDEBUG -c -I../Core/Inc -I../Drivers/STM32L4xx_HAL_Driver/Inc -I../Drivers/STM32L4xx_HAL_Driver/Inc/Legacy -I../Drivers/CMSIS/Device/ST/STM32L4xx/Include -I../Drivers/CMSIS/Include -I"D:/SaoViet/project_1/flash/TestMem/Core/flash" -O0 -ffunction-sections -fdata-sections -Wall -fstack-usage -MMD -MP -MF"Core/Src/main.d" -MT"Core/Src/main.o" --specs=nano.specs -mfpu=fpv4-sp-d16 -mfloat-abi=hard -mthumb -o "Core/Src/main.o"
In file included from ../Core/flash/FLASH_PAGE.c:12:0:
D:/SaoViet/project_1/flash/TestMem/Core/flash/FLASH_PAGE.h:19:50: error: expected declaration specifiers or '...' before '*' token
 void Flash_Read_Data (uint32_t StartPageAddress, *destination, uint16_t length_inByte)
                                                  ^
In file included from ../Core/Src/main.c:21:0:
D:/SaoViet/project_1/flash/TestMem/Core/flash/FLASH_PAGE.h:19:50: error: expected declaration specifiers or '...' before '*' token
 void Flash_Read_Data (uint32_t StartPageAddress, *destination, uint16_t length_inByte)
                                                  ^
make: *** [Core/Src/subdir.mk:33: Core/Src/main.o] Error 1
make: *** Waiting for unfinished jobs....
../Core/flash/FLASH_PAGE.c:129:50: error: expected declaration specifiers or '...' before '*' token
 void Flash_Read_Data (uint32_t StartPageAddress, *destination, uint16_t length_inByte)
                                                  ^
../Core/flash/FLASH_PAGE.c: In function 'Flash_Write_NUM':
../Core/flash/FLASH_PAGE.c:154:40: warning: passing argument 2 of 'Flash_Write_Data' from incompatible pointer type [-Wincompatible-pointer-types]
  Flash_Write_Data (StartSectorAddress, (uint32_t *)bytes_temp, 1);
                                        ^
../Core/flash/FLASH_PAGE.c:72:10: note: expected 'uint8_t * {aka unsigned char *}' but argument is of type 'uint32_t * {aka long unsigned int *}'
 uint32_t Flash_Write_Data (uint32_t StartPageAddress, uint8_t *Data, uint32_t data_length)
          ^~~~~~~~~~~~~~~~
../Core/flash/FLASH_PAGE.c: In function 'Flash_Read_NUM':
../Core/flash/FLASH_PAGE.c:163:2: warning: implicit declaration of function 'Flash_Read_Data'; did you mean 'Flash_Read_NUM'? [-Wimplicit-function-declaration]
  Flash_Read_Data(StartSectorAddress, (uint32_t *)buffer, 1);
  ^~~~~~~~~~~~~~~
  Flash_Read_NUM
make: *** [Core/flash/subdir.mk:21: Core/flash/FLASH_PAGE.o] Error 1
"make -j8 all" terminated with exit code 2. Build might be incomplete.
17:24:59 **** Incremental Build of configuration Debug for project TestMem ****
make -j8 all 
arm-none-eabi-gcc "../Core/flash/FLASH_PAGE.c" -mcpu=cortex-m4 -std=gnu11 -g3 -DUSE_HAL_DRIVER -DSTM32L452xx -DDEBUG -c -I../Core/Inc -I../Drivers/STM32L4xx_HAL_Driver/Inc -I../Drivers/STM32L4xx_HAL_Driver/Inc/Legacy -I../Drivers/CMSIS/Device/ST/STM32L4xx/Include -I../Drivers/CMSIS/Include -I"D:/SaoViet/project_1/flash/TestMem/Core/flash" -O0 -ffunction-sections -fdata-sections -Wall -fstack-usage -MMD -MP -MF"Core/flash/FLASH_PAGE.d" -MT"Core/flash/FLASH_PAGE.o" --specs=nano.specs -mfpu=fpv4-sp-d16 -mfloat-abi=hard -mthumb -o "Core/flash/FLASH_PAGE.o"
arm-none-eabi-gcc "../Core/Src/main.c" -mcpu=cortex-m4 -std=gnu11 -g3 -DUSE_HAL_DRIVER -DSTM32L452xx -DDEBUG -c -I../Core/Inc -I../Drivers/STM32L4xx_HAL_Driver/Inc -I../Drivers/STM32L4xx_HAL_Driver/Inc/Legacy -I../Drivers/CMSIS/Device/ST/STM32L4xx/Include -I../Drivers/CMSIS/Include -I"D:/SaoViet/project_1/flash/TestMem/Core/flash" -O0 -ffunction-sections -fdata-sections -Wall -fstack-usage -MMD -MP -MF"Core/Src/main.d" -MT"Core/Src/main.o" --specs=nano.specs -mfpu=fpv4-sp-d16 -mfloat-abi=hard -mthumb -o "Core/Src/main.o"
In file included from ../Core/Src/main.c:21:0:
D:/SaoViet/project_1/flash/TestMem/Core/flash/FLASH_PAGE.h:19:50: error: expected declaration specifiers or '...' before '*' token
 void Flash_Read_Data (uint32_t StartPageAddress, *destination, uint16_t length_inByte);
                                                  ^
In file included from ../Core/flash/FLASH_PAGE.c:12:0:
D:/SaoViet/project_1/flash/TestMem/Core/flash/FLASH_PAGE.h:19:50: error: expected declaration specifiers or '...' before '*' token
 void Flash_Read_Data (uint32_t StartPageAddress, *destination, uint16_t length_inByte);
                                                  ^
make: *** [Core/Src/subdir.mk:33: Core/Src/main.o] Error 1
make: *** Waiting for unfinished jobs....
../Core/flash/FLASH_PAGE.c:129:50: error: expected declaration specifiers or '...' before '*' token
 void Flash_Read_Data (uint32_t StartPageAddress, *destination, uint16_t length_inByte)
                                                  ^
../Core/flash/FLASH_PAGE.c: In function 'Flash_Write_NUM':
../Core/flash/FLASH_PAGE.c:154:40: warning: passing argument 2 of 'Flash_Write_Data' from incompatible pointer type [-Wincompatible-pointer-types]
  Flash_Write_Data (StartSectorAddress, (uint32_t *)bytes_temp, 1);
                                        ^
../Core/flash/FLASH_PAGE.c:72:10: note: expected 'uint8_t * {aka unsigned char *}' but argument is of type 'uint32_t * {aka long unsigned int *}'
 uint32_t Flash_Write_Data (uint32_t StartPageAddress, uint8_t *Data, uint32_t data_length)
          ^~~~~~~~~~~~~~~~
../Core/flash/FLASH_PAGE.c: In function 'Flash_Read_NUM':
../Core/flash/FLASH_PAGE.c:163:2: warning: implicit declaration of function 'Flash_Read_Data'; did you mean 'Flash_Read_NUM'? [-Wimplicit-function-declaration]
  Flash_Read_Data(StartSectorAddress, (uint32_t *)buffer, 1);
  ^~~~~~~~~~~~~~~
  Flash_Read_NUM
make: *** [Core/flash/subdir.mk:21: Core/flash/FLASH_PAGE.o] Error 1
"make -j8 all" terminated with exit code 2. Build might be incomplete.
17:25:28 **** Incremental Build of configuration Debug for project TestMem ****
make -j8 all 
arm-none-eabi-gcc "../Core/flash/FLASH_PAGE.c" -mcpu=cortex-m4 -std=gnu11 -g3 -DUSE_HAL_DRIVER -DSTM32L452xx -DDEBUG -c -I../Core/Inc -I../Drivers/STM32L4xx_HAL_Driver/Inc -I../Drivers/STM32L4xx_HAL_Driver/Inc/Legacy -I../Drivers/CMSIS/Device/ST/STM32L4xx/Include -I../Drivers/CMSIS/Include -I"D:/SaoViet/project_1/flash/TestMem/Core/flash" -O0 -ffunction-sections -fdata-sections -Wall -fstack-usage -MMD -MP -MF"Core/flash/FLASH_PAGE.d" -MT"Core/flash/FLASH_PAGE.o" --specs=nano.specs -mfpu=fpv4-sp-d16 -mfloat-abi=hard -mthumb -o "Core/flash/FLASH_PAGE.o"
arm-none-eabi-gcc "../Core/Src/main.c" -mcpu=cortex-m4 -std=gnu11 -g3 -DUSE_HAL_DRIVER -DSTM32L452xx -DDEBUG -c -I../Core/Inc -I../Drivers/STM32L4xx_HAL_Driver/Inc -I../Drivers/STM32L4xx_HAL_Driver/Inc/Legacy -I../Drivers/CMSIS/Device/ST/STM32L4xx/Include -I../Drivers/CMSIS/Include -I"D:/SaoViet/project_1/flash/TestMem/Core/flash" -O0 -ffunction-sections -fdata-sections -Wall -fstack-usage -MMD -MP -MF"Core/Src/main.d" -MT"Core/Src/main.o" --specs=nano.specs -mfpu=fpv4-sp-d16 -mfloat-abi=hard -mthumb -o "Core/Src/main.o"
In file included from ../Core/Src/main.c:21:0:
D:/SaoViet/project_1/flash/TestMem/Core/flash/FLASH_PAGE.h:19:50: error: expected declaration specifiers or '...' before '*' token
 void Flash_Read_Data (uint32_t StartPageAddress, *destination, uint16_t length_inByte);
                                                  ^
In file included from ../Core/flash/FLASH_PAGE.c:12:0:
D:/SaoViet/project_1/flash/TestMem/Core/flash/FLASH_PAGE.h:19:50: error: expected declaration specifiers or '...' before '*' token
 void Flash_Read_Data (uint32_t StartPageAddress, *destination, uint16_t length_inByte);
                                                  ^
make: *** [Core/Src/subdir.mk:33: Core/Src/main.o] Error 1
make: *** Waiting for unfinished jobs....
../Core/flash/FLASH_PAGE.c:129:50: error: expected declaration specifiers or '...' before '*' token
 void Flash_Read_Data (uint32_t StartPageAddress, *destination, uint16_t length_inByte)
                                                  ^
../Core/flash/FLASH_PAGE.c: In function 'Flash_Write_NUM':
../Core/flash/FLASH_PAGE.c:151:40: warning: passing argument 2 of 'Flash_Write_Data' from incompatible pointer type [-Wincompatible-pointer-types]
  Flash_Write_Data (StartSectorAddress, (uint32_t *)bytes_temp, 1);
                                        ^
../Core/flash/FLASH_PAGE.c:72:10: note: expected 'uint8_t * {aka unsigned char *}' but argument is of type 'uint32_t * {aka long unsigned int *}'
 uint32_t Flash_Write_Data (uint32_t StartPageAddress, uint8_t *Data, uint32_t data_length)
          ^~~~~~~~~~~~~~~~
../Core/flash/FLASH_PAGE.c: In function 'Flash_Read_NUM':
../Core/flash/FLASH_PAGE.c:160:2: warning: implicit declaration of function 'Flash_Read_Data'; did you mean 'Flash_Read_NUM'? [-Wimplicit-function-declaration]
  Flash_Read_Data(StartSectorAddress, (uint32_t *)buffer, 1);
  ^~~~~~~~~~~~~~~
  Flash_Read_NUM
make: *** [Core/flash/subdir.mk:21: Core/flash/FLASH_PAGE.o] Error 1
"make -j8 all" terminated with exit code 2. Build might be incomplete.
17:25:39 **** Incremental Build of configuration Debug for project TestMem ****
make -j8 all 
arm-none-eabi-gcc "../Core/flash/FLASH_PAGE.c" -mcpu=cortex-m4 -std=gnu11 -g3 -DUSE_HAL_DRIVER -DSTM32L452xx -DDEBUG -c -I../Core/Inc -I../Drivers/STM32L4xx_HAL_Driver/Inc -I../Drivers/STM32L4xx_HAL_Driver/Inc/Legacy -I../Drivers/CMSIS/Device/ST/STM32L4xx/Include -I../Drivers/CMSIS/Include -I"D:/SaoViet/project_1/flash/TestMem/Core/flash" -O0 -ffunction-sections -fdata-sections -Wall -fstack-usage -MMD -MP -MF"Core/flash/FLASH_PAGE.d" -MT"Core/flash/FLASH_PAGE.o" --specs=nano.specs -mfpu=fpv4-sp-d16 -mfloat-abi=hard -mthumb -o "Core/flash/FLASH_PAGE.o"
arm-none-eabi-gcc "../Core/Src/main.c" -mcpu=cortex-m4 -std=gnu11 -g3 -DUSE_HAL_DRIVER -DSTM32L452xx -DDEBUG -c -I../Core/Inc -I../Drivers/STM32L4xx_HAL_Driver/Inc -I../Drivers/STM32L4xx_HAL_Driver/Inc/Legacy -I../Drivers/CMSIS/Device/ST/STM32L4xx/Include -I../Drivers/CMSIS/Include -I"D:/SaoViet/project_1/flash/TestMem/Core/flash" -O0 -ffunction-sections -fdata-sections -Wall -fstack-usage -MMD -MP -MF"Core/Src/main.d" -MT"Core/Src/main.o" --specs=nano.specs -mfpu=fpv4-sp-d16 -mfloat-abi=hard -mthumb -o "Core/Src/main.o"
In file included from ../Core/Src/main.c:21:0:
D:/SaoViet/project_1/flash/TestMem/Core/flash/FLASH_PAGE.h:19:50: error: expected declaration specifiers or '...' before '*' token
 void Flash_Read_Data (uint32_t StartPageAddress, *destination, uint16_t length_inByte);
                                                  ^
In file included from ../Core/flash/FLASH_PAGE.c:12:0:
D:/SaoViet/project_1/flash/TestMem/Core/flash/FLASH_PAGE.h:19:50: error: expected declaration specifiers or '...' before '*' token
 void Flash_Read_Data (uint32_t StartPageAddress, *destination, uint16_t length_inByte);
                                                  ^
make: *** [Core/Src/subdir.mk:33: Core/Src/main.o] Error 1
make: *** Waiting for unfinished jobs....
../Core/flash/FLASH_PAGE.c:129:50: error: expected declaration specifiers or '...' before '*' token
 void Flash_Read_Data (uint32_t StartPageAddress, *destination, uint16_t length_inByte)
                                                  ^
../Core/flash/FLASH_PAGE.c: In function 'Flash_Write_NUM':
../Core/flash/FLASH_PAGE.c:151:40: warning: passing argument 2 of 'Flash_Write_Data' from incompatible pointer type [-Wincompatible-pointer-types]
  Flash_Write_Data (StartSectorAddress, (uint32_t *)bytes_temp, 1);
                                        ^
../Core/flash/FLASH_PAGE.c:72:10: note: expected 'uint8_t * {aka unsigned char *}' but argument is of type 'uint32_t * {aka long unsigned int *}'
 uint32_t Flash_Write_Data (uint32_t StartPageAddress, uint8_t *Data, uint32_t data_length)
          ^~~~~~~~~~~~~~~~
../Core/flash/FLASH_PAGE.c: In function 'Flash_Read_NUM':
../Core/flash/FLASH_PAGE.c:160:2: warning: implicit declaration of function 'Flash_Read_Data'; did you mean 'Flash_Read_NUM'? [-Wimplicit-function-declaration]
  Flash_Read_Data(StartSectorAddress, (uint32_t *)buffer, 1);
  ^~~~~~~~~~~~~~~
  Flash_Read_NUM
make: *** [Core/flash/subdir.mk:21: Core/flash/FLASH_PAGE.o] Error 1
"make -j8 all" terminated with exit code 2. Build might be incomplete.
17:26:16 **** Incremental Build of configuration Debug for project TestMem ****
make -j8 all 
arm-none-eabi-gcc "../Core/flash/FLASH_PAGE.c" -mcpu=cortex-m4 -std=gnu11 -g3 -DUSE_HAL_DRIVER -DSTM32L452xx -DDEBUG -c -I../Core/Inc -I../Drivers/STM32L4xx_HAL_Driver/Inc -I../Drivers/STM32L4xx_HAL_Driver/Inc/Legacy -I../Drivers/CMSIS/Device/ST/STM32L4xx/Include -I../Drivers/CMSIS/Include -I"D:/SaoViet/project_1/flash/TestMem/Core/flash" -O0 -ffunction-sections -fdata-sections -Wall -fstack-usage -MMD -MP -MF"Core/flash/FLASH_PAGE.d" -MT"Core/flash/FLASH_PAGE.o" --specs=nano.specs -mfpu=fpv4-sp-d16 -mfloat-abi=hard -mthumb -o "Core/flash/FLASH_PAGE.o"
arm-none-eabi-gcc "../Core/Src/main.c" -mcpu=cortex-m4 -std=gnu11 -g3 -DUSE_HAL_DRIVER -DSTM32L452xx -DDEBUG -c -I../Core/Inc -I../Drivers/STM32L4xx_HAL_Driver/Inc -I../Drivers/STM32L4xx_HAL_Driver/Inc/Legacy -I../Drivers/CMSIS/Device/ST/STM32L4xx/Include -I../Drivers/CMSIS/Include -I"D:/SaoViet/project_1/flash/TestMem/Core/flash" -O0 -ffunction-sections -fdata-sections -Wall -fstack-usage -MMD -MP -MF"Core/Src/main.d" -MT"Core/Src/main.o" --specs=nano.specs -mfpu=fpv4-sp-d16 -mfloat-abi=hard -mthumb -o "Core/Src/main.o"
../Core/flash/FLASH_PAGE.c: In function 'Flash_Write_NUM':
../Core/flash/FLASH_PAGE.c:151:40: warning: passing argument 2 of 'Flash_Write_Data' from incompatible pointer type [-Wincompatible-pointer-types]
  Flash_Write_Data (StartSectorAddress, (uint32_t *)bytes_temp, 1);
                                        ^
../Core/flash/FLASH_PAGE.c:72:10: note: expected 'uint8_t * {aka unsigned char *}' but argument is of type 'uint32_t * {aka long unsigned int *}'
 uint32_t Flash_Write_Data (uint32_t StartPageAddress, uint8_t *Data, uint32_t data_length)
          ^~~~~~~~~~~~~~~~
../Core/flash/FLASH_PAGE.c: In function 'Flash_Read_NUM':
../Core/flash/FLASH_PAGE.c:160:38: warning: passing argument 2 of 'Flash_Read_Data' from incompatible pointer type [-Wincompatible-pointer-types]
  Flash_Read_Data(StartSectorAddress, (uint32_t *)buffer, 1);
                                      ^
../Core/flash/FLASH_PAGE.c:129:6: note: expected 'uint8_t * {aka unsigned char *}' but argument is of type 'uint32_t * {aka long unsigned int *}'
 void Flash_Read_Data (uint32_t StartPageAddress, uint8_t *destination, uint16_t length_inByte)
      ^~~~~~~~~~~~~~~
arm-none-eabi-gcc -o "TestMem.elf" @"objects.list"   -mcpu=cortex-m4 -T"D:\SaoViet\project_1\flash\TestMem\STM32L452RCTX_FLASH.ld" --specs=nosys.specs -Wl,-Map="TestMem.map" -Wl,--gc-sections -static --specs=nano.specs -mfpu=fpv4-sp-d16 -mfloat-abi=hard -mthumb -Wl,--start-group -lc -lm -Wl,--end-group
Finished building target: TestMem.elf
 
arm-none-eabi-objdump -h -S  TestMem.elf  > "TestMem.list"
arm-none-eabi-objcopy  -O ihex  TestMem.elf  "TestMem.hex"
arm-none-eabi-objcopy  -O binary  TestMem.elf  "TestMem.bin"
arm-none-eabi-size   TestMem.elf 
   text	   data	    bss	    dec	    hex	filename
   6772	     68	   1588	   8428	   20ec	TestMem.elf
Finished building: default.size.stdout
 
Finished building: TestMem.hex
Finished building: TestMem.bin
 
 
Finished building: TestMem.list
 
17:30:42 **** Incremental Build of configuration Debug for project TestMem ****
make -j8 all 
arm-none-eabi-gcc "../Core/Src/main.c" -mcpu=cortex-m4 -std=gnu11 -g3 -DUSE_HAL_DRIVER -DSTM32L452xx -DDEBUG -c -I../Core/Inc -I../Drivers/STM32L4xx_HAL_Driver/Inc -I../Drivers/STM32L4xx_HAL_Driver/Inc/Legacy -I../Drivers/CMSIS/Device/ST/STM32L4xx/Include -I../Drivers/CMSIS/Include -I"D:/SaoViet/project_1/flash/TestMem/Core/flash" -O0 -ffunction-sections -fdata-sections -Wall -fstack-usage -MMD -MP -MF"Core/Src/main.d" -MT"Core/Src/main.o" --specs=nano.specs -mfpu=fpv4-sp-d16 -mfloat-abi=hard -mthumb -o "Core/Src/main.o"
arm-none-eabi-gcc -o "TestMem.elf" @"objects.list"   -mcpu=cortex-m4 -T"D:\SaoViet\project_1\flash\TestMem\STM32L452RCTX_FLASH.ld" --specs=nosys.specs -Wl,-Map="TestMem.map" -Wl,--gc-sections -static --specs=nano.specs -mfpu=fpv4-sp-d16 -mfloat-abi=hard -mthumb -Wl,--start-group -lc -lm -Wl,--end-group
Finished building target: TestMem.elf
 
arm-none-eabi-objdump -h -S  TestMem.elf  > "TestMem.list"
arm-none-eabi-objcopy  -O ihex  TestMem.elf  "TestMem.hex"
arm-none-eabi-objcopy  -O binary  TestMem.elf  "TestMem.bin"
arm-none-eabi-size   TestMem.elf 
   text	   data	    bss	    dec	    hex	filename
   6868	     68	   1692	   8628	   21b4	TestMem.elf
Finished building: default.size.stdout
 
Finished building: TestMem.bin
Finished building: TestMem.hex
 
 
Finished building: TestMem.list
 
17:39:43 **** Incremental Build of configuration Debug for project TestMem ****
make -j8 all 
arm-none-eabi-gcc "../Core/Src/main.c" -mcpu=cortex-m4 -std=gnu11 -g3 -DUSE_HAL_DRIVER -DSTM32L452xx -DDEBUG -c -I../Core/Inc -I../Drivers/STM32L4xx_HAL_Driver/Inc -I../Drivers/STM32L4xx_HAL_Driver/Inc/Legacy -I../Drivers/CMSIS/Device/ST/STM32L4xx/Include -I../Drivers/CMSIS/Include -I"D:/SaoViet/project_1/flash/TestMem/Core/flash" -O0 -ffunction-sections -fdata-sections -Wall -fstack-usage -MMD -MP -MF"Core/Src/main.d" -MT"Core/Src/main.o" --specs=nano.specs -mfpu=fpv4-sp-d16 -mfloat-abi=hard -mthumb -o "Core/Src/main.o"
arm-none-eabi-gcc -o "TestMem.elf" @"objects.list"   -mcpu=cortex-m4 -T"D:\SaoViet\project_1\flash\TestMem\STM32L452RCTX_FLASH.ld" --specs=nosys.specs -Wl,-Map="TestMem.map" -Wl,--gc-sections -static --specs=nano.specs -mfpu=fpv4-sp-d16 -mfloat-abi=hard -mthumb -Wl,--start-group -lc -lm -Wl,--end-group
Finished building target: TestMem.elf
 
arm-none-eabi-objdump -h -S  TestMem.elf  > "TestMem.list"
arm-none-eabi-objcopy  -O ihex  TestMem.elf  "TestMem.hex"
arm-none-eabi-objcopy  -O binary  TestMem.elf  "TestMem.bin"
arm-none-eabi-size   TestMem.elf 
   text	   data	    bss	    dec	    hex	filename
   6868	     68	   1692	   8628	   21b4	TestMem.elf
Finished building: default.size.stdout
 
Finished building: TestMem.bin
Finished building: TestMem.hex
 
 
Finished building: TestMem.list
 
17:39:49 **** Incremental Build of configuration Debug for project TestMem ****
make -j8 all 
arm-none-eabi-size   TestMem.elf 
   text	   data	    bss	    dec	    hex	filename
   6868	     68	   1692	   8628	   21b4	TestMem.elf
Finished building: default.size.stdout
 
